Archive member included because of file (symbol)

/opt/microchip/xc32/v1.22/bin/../lib/gcc/pic32mx/4.5.2/../../../../pic32mx/lib/libmchp_peripheral.a(read_core_timer_lib.o)
                              build/default/debug/contrib/ports/microchip/netif/ETHPIC32ExtPhy.o (ReadCoreTimer)
/opt/microchip/xc32/v1.22/bin/../lib/gcc/pic32mx/4.5.2/../../../../pic32mx/lib/libmchp_peripheral_32MX795F512L.a(eth_ack_packet_lib.o)
                              build/default/debug/contrib/ports/microchip/ethernetif.o (EthRxAcknowledgeBuffer)
/opt/microchip/xc32/v1.22/bin/../lib/gcc/pic32mx/4.5.2/../../../../pic32mx/lib/libmchp_peripheral_32MX795F512L.a(eth_descriptors_add_lib.o)
                              build/default/debug/contrib/ports/microchip/netif/Microchip_eth.o (EthDescriptorsPoolAdd)
/opt/microchip/xc32/v1.22/bin/../lib/gcc/pic32mx/4.5.2/../../../../pic32mx/lib/libmchp_peripheral_32MX795F512L.a(eth_init_lib.o)
                              build/default/debug/contrib/ports/microchip/netif/Microchip_eth.o (EthInit)
/opt/microchip/xc32/v1.22/bin/../lib/gcc/pic32mx/4.5.2/../../../../pic32mx/lib/libmchp_peripheral_32MX795F512L.a(eth_mac_open_lib.o)
                              build/default/debug/contrib/ports/microchip/netif/Microchip_eth.o (EthMACOpen)
/opt/microchip/xc32/v1.22/bin/../lib/gcc/pic32mx/4.5.2/../../../../pic32mx/lib/libmchp_peripheral_32MX795F512L.a(eth_mac_set_address_max_lib.o)
                              build/default/debug/contrib/ports/microchip/netif/Microchip_eth.o (EthMACSetAddress)
/opt/microchip/xc32/v1.22/bin/../lib/gcc/pic32mx/4.5.2/../../../../pic32mx/lib/libmchp_peripheral_32MX795F512L.a(eth_rx_buffers_append_lib.o)
                              build/default/debug/contrib/ports/microchip/netif/Microchip_eth.o (EthRxBuffersAppend)
/opt/microchip/xc32/v1.22/bin/../lib/gcc/pic32mx/4.5.2/../../../../pic32mx/lib/libmchp_peripheral_32MX795F512L.a(eth_rx_filters_lib.o)
                              build/default/debug/contrib/ports/microchip/netif/Microchip_eth.o (EthRxFiltersSet)
/opt/microchip/xc32/v1.22/bin/../lib/gcc/pic32mx/4.5.2/../../../../pic32mx/lib/libmchp_peripheral_32MX795F512L.a(eth_rx_get_packet_lib.o)
                              build/default/debug/contrib/ports/microchip/ethernetif.o (EthRxGetBuffer)
/opt/microchip/xc32/v1.22/bin/../lib/gcc/pic32mx/4.5.2/../../../../pic32mx/lib/libmchp_peripheral_32MX795F512L.a(eth_rx_set_buffer_size_lib.o)
                              build/default/debug/contrib/ports/microchip/netif/Microchip_eth.o (EthRxSetBufferSize)
/opt/microchip/xc32/v1.22/bin/../lib/gcc/pic32mx/4.5.2/../../../../pic32mx/lib/libmchp_peripheral_32MX795F512L.a(eth_tx_packet_lib.o)
                              build/default/debug/contrib/ports/microchip/netif/Microchip_eth.o (EthTxSendBuffer)
/opt/microchip/xc32/v1.22/bin/../lib/gcc/pic32mx/4.5.2/../../../../pic32mx/lib/libmchp_peripheral_32MX795F512L.a(_eth_append_busy_list_lib.o)
                              /opt/microchip/xc32/v1.22/bin/../lib/gcc/pic32mx/4.5.2/../../../../pic32mx/lib/libmchp_peripheral_32MX795F512L.a(eth_ack_packet_lib.o) (_EthAppendBusyList)
/opt/microchip/xc32/v1.22/bin/../lib/gcc/pic32mx/4.5.2/../../../../pic32mx/lib/libmchp_peripheral_32MX795F512L.a(eth_miim_access.o)
                              build/default/debug/contrib/ports/microchip/netif/ETHPIC32ExtPhyDP83848.o (EthMIIMReadStart)
/opt/microchip/xc32/v1.22/bin/../lib/gcc/pic32mx/4.5.2/../../../../pic32mx/lib/libmchp_peripheral_32MX795F512L.a(int_tbl_lib.o)
                              /opt/microchip/xc32/v1.22/bin/../lib/gcc/pic32mx/4.5.2/../../../../pic32mx/lib/libmchp_peripheral_32MX795F512L.a(eth_init_lib.o) (INTClearFlag)
/opt/microchip/xc32/v1.22/bin/../lib/gcc/pic32mx/4.5.2/../../../../pic32mx/lib/libmchp_peripheral_32MX795F512L.a(port_set_pins_digital_in_lib.o)
                              build/default/debug/contrib/ports/microchip/netif/ETHPIC32ExtPhy.o (PORTSetPinsDigitalIn)
/opt/microchip/xc32/v1.22/bin/../lib/gcc/pic32mx/4.5.2/../../../../pic32mx/lib/libmchp_peripheral_32MX795F512L.a(port_set_pins_digital_out_lib.o)
                              build/default/debug/contrib/ports/microchip/netif/ETHPIC32ExtPhy.o (PORTSetPinsDigitalOut)
/opt/microchip/xc32/v1.22/bin/../lib/gcc/pic32mx/4.5.2/../../../../pic32mx/lib/libmchp_peripheral_32MX795F512L.a(_ports_tbl_libp.o)
                              /opt/microchip/xc32/v1.22/bin/../lib/gcc/pic32mx/4.5.2/../../../../pic32mx/lib/libmchp_peripheral_32MX795F512L.a(port_set_pins_digital_in_lib.o) (PortRegTbl)
/opt/microchip/xc32/v1.22/bin/../lib/gcc/pic32mx/4.5.2/../../../../pic32mx/lib/libpic32.a(memcmp.o)
                              build/default/debug/contrib/ports/microchip/netif/Microchip_eth.o (memcmp)
/opt/microchip/xc32/v1.22/bin/../lib/gcc/pic32mx/4.5.2/../../../../pic32mx/lib/libpic32.a(memcpy.o)
                              build/default/debug/contrib/ports/microchip/netif/Microchip_eth.o (memcpy)
[...]
Memory Configuration

Name             Origin             Length             Attributes
kseg0_program_mem 0x9d000000         0x00080000         xr
kseg0_boot_mem   0x9fc00490         0x00000970
exception_mem    0x9fc01000         0x00001000
kseg1_boot_mem   0xbfc00000         0x00000490
debug_exec_mem   0xbfc02000         0x00000ff0
config3          0xbfc02ff0         0x00000004
config2          0xbfc02ff4         0x00000004
config1          0xbfc02ff8         0x00000004
config0          0xbfc02ffc         0x00000004
kseg1_data_mem   0xa0000000         0x00020000         w !x
sfrs             0xbf800000         0x00100000
configsfrs       0xbfc02ff0         0x00000010
*default*        0x00000000         0xffffffff

Linker script and memory map

LOAD /opt/microchip/xc32/v1.22/bin/../lib/gcc/pic32mx/4.5.2/../../../../pic32mx/lib/crt0.o
                0x00000001                _DEBUGGER = 0x1
LOAD build/default/debug/contrib/ports/microchip/netif/ETHPIC32ExtPhyDP83848.o
LOAD build/default/debug/contrib/ports/microchip/netif/xadapter.o
LOAD build/default/debug/contrib/ports/microchip/netif/Microchip_eth.o
LOAD build/default/debug/contrib/ports/microchip/netif/ETHPIC32ExtPhy.o
LOAD build/default/debug/contrib/ports/microchip/sys_arch_raw.o
LOAD build/default/debug/contrib/ports/microchip/sys_arch.o
LOAD build/default/debug/contrib/ports/microchip/ethernetif.o
LOAD build/default/debug/freertos/heap/heap_3.o
LOAD build/default/debug/freertos/timers.o
LOAD build/default/debug/freertos/port.o
LOAD build/default/debug/freertos/port_asm.o
LOAD build/default/debug/freertos/list.o
LOAD build/default/debug/freertos/tasks.o
LOAD build/default/debug/freertos/croutine.o
LOAD build/default/debug/freertos/queue.o
LOAD build/default/debug/lwip-1.4.1/src/api/api_msg.o
LOAD build/default/debug/lwip-1.4.1/src/api/netbuf.o
LOAD build/default/debug/lwip-1.4.1/src/api/netdb.o
LOAD build/default/debug/lwip-1.4.1/src/api/tcpip.o
LOAD build/default/debug/lwip-1.4.1/src/api/sockets.o
LOAD build/default/debug/lwip-1.4.1/src/api/netifapi.o
LOAD build/default/debug/lwip-1.4.1/src/api/err.o
LOAD build/default/debug/lwip-1.4.1/src/api/api_lib.o
LOAD build/default/debug/lwip-1.4.1/src/core/ipv4/autoip.o
LOAD build/default/debug/lwip-1.4.1/src/core/ipv4/ip_addr.o
LOAD build/default/debug/lwip-1.4.1/src/core/ipv4/inet_chksum.o
LOAD build/default/debug/lwip-1.4.1/src/core/ipv4/icmp.o
LOAD build/default/debug/lwip-1.4.1/src/core/ipv4/inet.o
LOAD build/default/debug/lwip-1.4.1/src/core/ipv4/ip_frag.o
LOAD build/default/debug/lwip-1.4.1/src/core/ipv4/ip.o
LOAD build/default/debug/lwip-1.4.1/src/core/ipv4/igmp.o
LOAD build/default/debug/lwip-1.4.1/src/core/snmp/asn1_enc.o
LOAD build/default/debug/lwip-1.4.1/src/core/snmp/msg_out.o
LOAD build/default/debug/lwip-1.4.1/src/core/snmp/mib2.o
LOAD build/default/debug/lwip-1.4.1/src/core/snmp/asn1_dec.o
LOAD build/default/debug/lwip-1.4.1/src/core/snmp/msg_in.o
LOAD build/default/debug/lwip-1.4.1/src/core/snmp/mib_structs.o
LOAD build/default/debug/lwip-1.4.1/src/core/timers.o
LOAD build/default/debug/lwip-1.4.1/src/core/memp.o
LOAD build/default/debug/lwip-1.4.1/src/core/netif.o
LOAD build/default/debug/lwip-1.4.1/src/core/pbuf.o
LOAD build/default/debug/lwip-1.4.1/src/core/mem.o
LOAD build/default/debug/lwip-1.4.1/src/core/dhcp.o
LOAD build/default/debug/lwip-1.4.1/src/core/tcp_out.o
LOAD build/default/debug/lwip-1.4.1/src/core/stats.o
LOAD build/default/debug/lwip-1.4.1/src/core/tcp_in.o
LOAD build/default/debug/lwip-1.4.1/src/core/def.o
LOAD build/default/debug/lwip-1.4.1/src/core/raw.o
LOAD build/default/debug/lwip-1.4.1/src/core/dns.o
LOAD build/default/debug/lwip-1.4.1/src/core/udp.o
LOAD build/default/debug/lwip-1.4.1/src/core/init.o
LOAD build/default/debug/lwip-1.4.1/src/core/sys.o
LOAD build/default/debug/lwip-1.4.1/src/core/tcp.o
LOAD build/default/debug/lwip-1.4.1/src/netif/ppp/ppp_oe.o
LOAD build/default/debug/lwip-1.4.1/src/netif/ppp/chap.o
LOAD build/default/debug/lwip-1.4.1/src/netif/ppp/vj.o
LOAD build/default/debug/lwip-1.4.1/src/netif/ppp/ipcp.o
LOAD build/default/debug/lwip-1.4.1/src/netif/ppp/fsm.o
LOAD build/default/debug/lwip-1.4.1/src/netif/ppp/md5.o
LOAD build/default/debug/lwip-1.4.1/src/netif/ppp/magic.o
LOAD build/default/debug/lwip-1.4.1/src/netif/ppp/auth.o
LOAD build/default/debug/lwip-1.4.1/src/netif/ppp/chpms.o
LOAD build/default/debug/lwip-1.4.1/src/netif/ppp/pap.o
LOAD build/default/debug/lwip-1.4.1/src/netif/ppp/randm.o
LOAD build/default/debug/lwip-1.4.1/src/netif/ppp/lcp.o
LOAD build/default/debug/lwip-1.4.1/src/netif/ppp/ppp.o
LOAD build/default/debug/lwip-1.4.1/src/netif/etharp.o
LOAD build/default/debug/lwip-1.4.1/src/netif/ethernetif.o
LOAD build/default/debug/lwip-1.4.1/src/netif/slipif.o
LOAD build/default/debug/src/main.o
LOAD build/default/debug/src/ip_lwip.o
LOAD build/default/debug/src/echo.o
                0x00000001                __MPLAB_BUILD = 0x1
                0x00000001                __ICD2RAM = 0x1
                0x00000001                __MPLAB_DEBUG = 0x1
                0x00000001                __DEBUG = 0x1
                0x00000001                __MPLAB_DEBUGGER_PIC32MXSK = 0x1
                0x00009c40                _min_heap_size = 0x9c40
                0x00000400                _min_stack_size = 0x400
LOAD /opt/microchip/xc32/v1.22/bin/../lib/gcc/pic32mx/4.5.2/../../../../pic32mx/lib/./proc/32MX795F512L/default_isr_vectors.o
                0x00000400                PROVIDE (_min_stack_size, 0x400)
LOAD /opt/microchip/xc32/v1.22/bin/../lib/gcc/pic32mx/4.5.2/../../../../pic32mx/lib/./proc/32MX795F512L/processor.o
START GROUP
LOAD /opt/microchip/xc32/v1.22/bin/../lib/gcc/pic32mx/4.5.2/../../../../pic32mx/lib/libmchp_peripheral.a
END GROUP
START GROUP
LOAD /opt/microchip/xc32/v1.22/bin/../lib/gcc/pic32mx/4.5.2/../../../../pic32mx/lib/libmchp_peripheral_32MX795F512L.a
END GROUP
                0x00000001                PROVIDE (_vector_spacing, 0x1)
                0x9fc01000                _ebase_address = 0x9fc01000
                0xbfc00000                _RESET_ADDR = 0xbfc00000
                0xbfc00380                _BEV_EXCPT_ADDR = 0xbfc00380
                0xbfc00480                _DBG_EXCPT_ADDR = 0xbfc00480
                0xbfc02000                _DBG_CODE_ADDR = 0xbfc02000
                0x00000ff0                _DBG_CODE_SIZE = 0xff0
                0x9fc01180                _GEN_EXCPT_ADDR = (_ebase_address + 0x180)

.config_BFC02FF0
                0xbfc02ff0        0x4
 *(.config_BFC02FF0)
 .config_BFC02FF0
                0xbfc02ff0        0x4 build/default/debug/src/main.o

.config_BFC02FF4
                0xbfc02ff4        0x4
 *(.config_BFC02FF4)
 .config_BFC02FF4
                0xbfc02ff4        0x4 build/default/debug/src/main.o

.config_BFC02FF8
                0xbfc02ff8        0x4
 *(.config_BFC02FF8)
 .config_BFC02FF8
                0xbfc02ff8        0x4 build/default/debug/src/main.o

.config_BFC02FFC
                0xbfc02ffc        0x4
 *(.config_BFC02FFC)
 .config_BFC02FFC
                0xbfc02ffc        0x4 build/default/debug/src/main.o
                0xbfc02000                PROVIDE (_DBG_CODE_ADDR, 0xbfc02000)
                0x00000ff0                PROVIDE (_DBG_CODE_SIZE, 0xff0)

.reset          0xbfc00000      0x1f4
 *(.reset)
 .reset         0xbfc00000       0x10 /opt/microchip/xc32/v1.22/bin/../lib/gcc/pic32mx/4.5.2/../../../../pic32mx/lib/crt0.o
                0xbfc00000                _reset
 *(.reset.startup)
 .reset.startup
                0xbfc00010      0x1e4 /opt/microchip/xc32/v1.22/bin/../lib/gcc/pic32mx/4.5.2/../../../../pic32mx/lib/crt0.o

.bev_excpt      0xbfc00380       0x10
 *(.bev_handler)
 .bev_handler   0xbfc00380       0x10 /opt/microchip/xc32/v1.22/bin/../lib/gcc/pic32mx/4.5.2/../../../../pic32mx/lib/crt0.o

.dbg_excpt      0xbfc00480        0x8
                0xbfc00480                . = (. + DEFINED (_DEBUGGER)?0x8:0x0)
 *fill*         0xbfc00480        0x8 

.dbg_code       0xbfc02000      0xff0
                0xbfc02000                . = (. + DEFINED (_DEBUGGER)?_DBG_CODE_SIZE:0x0)
 *fill*         0xbfc02000      0xff0 

.app_excpt      0x9fc01180       0x10
 *(.gen_handler)
 .gen_handler   0x9fc01180       0x10 /opt/microchip/xc32/v1.22/bin/../lib/gcc/pic32mx/4.5.2/../../../../pic32mx/lib/crt0.o

.vector_0       0x9fc01200        0x8
 *(.vector_0)
 .vector_0      0x9fc01200        0x8 /opt/microchip/xc32/v1.22/bin/../lib/gcc/pic32mx/4.5.2/../../../../pic32mx/lib/libpic32.a(vector0.o)
                0x9fc01200                __vector_dispatch_0
                0x00000001                ASSERT (((_vector_spacing == 0x0) || (SIZEOF (.vector_0) <= (_vector_spacing << 0x5))), function at exception vector 0 too large)

.vector_1       0x9fc01220        0x8
 *(.vector_1)
 .vector_1      0x9fc01220        0x8 build/default/debug/freertos/port.o
                0x9fc01220                __vector_dispatch_1
                0x00000001                ASSERT (((_vector_spacing == 0x0) || (SIZEOF (.vector_1) <= (_vector_spacing << 0x5))), function at exception vector 1 too large)

.vector_2       0x9fc01240        0x8
 *(.vector_2)
 .vector_2      0x9fc01240        0x8 /opt/microchip/xc32/v1.22/bin/../lib/gcc/pic32mx/4.5.2/../../../../pic32mx/lib/libpic32.a(vector2.o)
                0x9fc01240                __vector_dispatch_2
                0x00000001                ASSERT (((_vector_spacing == 0x0) || (SIZEOF (.vector_2) <= (_vector_spacing << 0x5))), function at exception vector 2 too large)

.vector_3       0x9fc01260        0x8
 *(.vector_3)
 .vector_3      0x9fc01260        0x8 /opt/microchip/xc32/v1.22/bin/../lib/gcc/pic32mx/4.5.2/../../../../pic32mx/lib/libpic32.a(vector3.o)
                0x9fc01260                __vector_dispatch_3
                0x00000001                ASSERT (((_vector_spacing == 0x0) || (SIZEOF (.vector_3) <= (_vector_spacing << 0x5))), function at exception vector 3 too large)

.vector_4       0x9fc01280        0x8
 *(.vector_4)
 .vector_4      0x9fc01280        0x8 build/default/debug/freertos/port.o
                0x9fc01280                __vector_dispatch_4
                0x00000001                ASSERT (((_vector_spacing == 0x0) || (SIZEOF (.vector_4) <= (_vector_spacing << 0x5))), function at exception vector 4 too large)

.vector_5       0x9fc012a0        0x8
 *(.vector_5)
 .vector_5      0x9fc012a0        0x8 /opt/microchip/xc32/v1.22/bin/../lib/gcc/pic32mx/4.5.2/../../../../pic32mx/lib/libpic32.a(vector5.o)
                0x9fc012a0                __vector_dispatch_5
                0x00000001                ASSERT (((_vector_spacing == 0x0) || (SIZEOF (.vector_5) <= (_vector_spacing << 0x5))), function at exception vector 5 too large)

.vector_6       0x9fc012c0        0x8
 *(.vector_6)
 .vector_6      0x9fc012c0        0x8 /opt/microchip/xc32/v1.22/bin/../lib/gcc/pic32mx/4.5.2/../../../../pic32mx/lib/libpic32.a(vector6.o)
                0x9fc012c0                __vector_dispatch_6
                0x00000001                ASSERT (((_vector_spacing == 0x0) || (SIZEOF (.vector_6) <= (_vector_spacing << 0x5))), function at exception vector 6 too large)

.vector_7       0x9fc012e0        0x8
 *(.vector_7)
 .vector_7      0x9fc012e0        0x8 /opt/microchip/xc32/v1.22/bin/../lib/gcc/pic32mx/4.5.2/../../../../pic32mx/lib/libpic32.a(vector7.o)
                0x9fc012e0                __vector_dispatch_7
                0x00000001                ASSERT (((_vector_spacing == 0x0) || (SIZEOF (.vector_7) <= (_vector_spacing << 0x5))), function at exception vector 7 too large)

.vector_8       0x9fc01300        0x8
 *(.vector_8)
 .vector_8      0x9fc01300        0x8 /opt/microchip/xc32/v1.22/bin/../lib/gcc/pic32mx/4.5.2/../../../../pic32mx/lib/libpic32.a(vector8.o)
                0x9fc01300                __vector_dispatch_8
                0x00000001                ASSERT (((_vector_spacing == 0x0) || (SIZEOF (.vector_8) <= (_vector_spacing << 0x5))), function at exception vector 8 too large)

.vector_9       0x9fc01320        0x8
 *(.vector_9)
 .vector_9      0x9fc01320        0x8 /opt/microchip/xc32/v1.22/bin/../lib/gcc/pic32mx/4.5.2/../../../../pic32mx/lib/libpic32.a(vector9.o)
                0x9fc01320                __vector_dispatch_9
                0x00000001                ASSERT (((_vector_spacing == 0x0) || (SIZEOF (.vector_9) <= (_vector_spacing << 0x5))), function at exception vector 9 too large)

.vector_10      0x9fc01340        0x8
 *(.vector_10)
 .vector_10     0x9fc01340        0x8 /opt/microchip/xc32/v1.22/bin/../lib/gcc/pic32mx/4.5.2/../../../../pic32mx/lib/libpic32.a(vector10.o)
                0x9fc01340                __vector_dispatch_10
                0x00000001                ASSERT (((_vector_spacing == 0x0) || (SIZEOF (.vector_10) <= (_vector_spacing << 0x5))), function at exception vector 10 too large)

.vector_11      0x9fc01360        0x8
 *(.vector_11)
 .vector_11     0x9fc01360        0x8 /opt/microchip/xc32/v1.22/bin/../lib/gcc/pic32mx/4.5.2/../../../../pic32mx/lib/libpic32.a(vector11.o)
                0x9fc01360                __vector_dispatch_11
                0x00000001                ASSERT (((_vector_spacing == 0x0) || (SIZEOF (.vector_11) <= (_vector_spacing << 0x5))), function at exception vector 11 too large)

.vector_12      0x9fc01380        0x8
 *(.vector_12)
 .vector_12     0x9fc01380        0x8 /opt/microchip/xc32/v1.22/bin/../lib/gcc/pic32mx/4.5.2/../../../../pic32mx/lib/libpic32.a(vector12.o)
                0x9fc01380                __vector_dispatch_12
                0x00000001                ASSERT (((_vector_spacing == 0x0) || (SIZEOF (.vector_12) <= (_vector_spacing << 0x5))), function at exception vector 12 too large)

.vector_13      0x9fc013a0        0x8
 *(.vector_13)
 .vector_13     0x9fc013a0        0x8 /opt/microchip/xc32/v1.22/bin/../lib/gcc/pic32mx/4.5.2/../../../../pic32mx/lib/libpic32.a(vector13.o)
                0x9fc013a0                __vector_dispatch_13
                0x00000001                ASSERT (((_vector_spacing == 0x0) || (SIZEOF (.vector_13) <= (_vector_spacing << 0x5))), function at exception vector 13 too large)

.vector_14      0x9fc013c0        0x8
 *(.vector_14)
 .vector_14     0x9fc013c0        0x8 /opt/microchip/xc32/v1.22/bin/../lib/gcc/pic32mx/4.5.2/../../../../pic32mx/lib/libpic32.a(vector14.o)
                0x9fc013c0                __vector_dispatch_14
                0x00000001                ASSERT (((_vector_spacing == 0x0) || (SIZEOF (.vector_14) <= (_vector_spacing << 0x5))), function at exception vector 14 too large)

.vector_15      0x9fc013e0        0x8
 *(.vector_15)
 .vector_15     0x9fc013e0        0x8 build/default/debug/contrib/ports/microchip/netif/Microchip_eth.o
                0x9fc013e0                __vector_dispatch_15
                0x00000001                ASSERT (((_vector_spacing == 0x0) || (SIZEOF (.vector_15) <= (_vector_spacing << 0x5))), function at exception vector 15 too large)

.vector_16      0x9fc01400        0x8
 *(.vector_16)
 .vector_16     0x9fc01400        0x8 /opt/microchip/xc32/v1.22/bin/../lib/gcc/pic32mx/4.5.2/../../../../pic32mx/lib/libpic32.a(vector16.o)
                0x9fc01400                __vector_dispatch_16
                0x00000001                ASSERT (((_vector_spacing == 0x0) || (SIZEOF (.vector_16) <= (_vector_spacing << 0x5))), function at exception vector 16 too large)

.vector_17      0x9fc01420        0x8
 *(.vector_17)
 .vector_17     0x9fc01420        0x8 /opt/microchip/xc32/v1.22/bin/../lib/gcc/pic32mx/4.5.2/../../../../pic32mx/lib/libpic32.a(vector17.o)
                0x9fc01420                __vector_dispatch_17
                0x00000001                ASSERT (((_vector_spacing == 0x0) || (SIZEOF (.vector_17) <= (_vector_spacing << 0x5))), function at exception vector 17 too large)

.vector_18      0x9fc01440        0x8
 *(.vector_18)
 .vector_18     0x9fc01440        0x8 /opt/microchip/xc32/v1.22/bin/../lib/gcc/pic32mx/4.5.2/../../../../pic32mx/lib/libpic32.a(vector18.o)
                0x9fc01440                __vector_dispatch_18
                0x00000001                ASSERT (((_vector_spacing == 0x0) || (SIZEOF (.vector_18) <= (_vector_spacing << 0x5))), function at exception vector 18 too large)

.vector_19      0x9fc01460        0x8
 *(.vector_19)
 .vector_19     0x9fc01460        0x8 /opt/microchip/xc32/v1.22/bin/../lib/gcc/pic32mx/4.5.2/../../../../pic32mx/lib/libpic32.a(vector19.o)
                0x9fc01460                __vector_dispatch_19
                0x00000001                ASSERT (((_vector_spacing == 0x0) || (SIZEOF (.vector_19) <= (_vector_spacing << 0x5))), function at exception vector 19 too large)

.vector_20      0x9fc01480        0x8
 *(.vector_20)
 .vector_20     0x9fc01480        0x8 /opt/microchip/xc32/v1.22/bin/../lib/gcc/pic32mx/4.5.2/../../../../pic32mx/lib/libpic32.a(vector20.o)
                0x9fc01480                __vector_dispatch_20
                0x00000001                ASSERT (((_vector_spacing == 0x0) || (SIZEOF (.vector_20) <= (_vector_spacing << 0x5))), function at exception vector 20 too large)

.vector_21      0x9fc014a0        0x8
 *(.vector_21)
 .vector_21     0x9fc014a0        0x8 /opt/microchip/xc32/v1.22/bin/../lib/gcc/pic32mx/4.5.2/../../../../pic32mx/lib/libpic32.a(vector21.o)
                0x9fc014a0                __vector_dispatch_21
                0x00000001                ASSERT (((_vector_spacing == 0x0) || (SIZEOF (.vector_21) <= (_vector_spacing << 0x5))), function at exception vector 21 too large)

.vector_22      0x9fc014c0        0x8
 *(.vector_22)
 .vector_22     0x9fc014c0        0x8 /opt/microchip/xc32/v1.22/bin/../lib/gcc/pic32mx/4.5.2/../../../../pic32mx/lib/libpic32.a(vector22.o)
                0x9fc014c0                __vector_dispatch_22
                0x00000001                ASSERT (((_vector_spacing == 0x0) || (SIZEOF (.vector_22) <= (_vector_spacing << 0x5))), function at exception vector 22 too large)

.vector_23      0x9fc014e0        0x8
 *(.vector_23)
 .vector_23     0x9fc014e0        0x8 /opt/microchip/xc32/v1.22/bin/../lib/gcc/pic32mx/4.5.2/../../../../pic32mx/lib/libpic32.a(vector23.o)
                0x9fc014e0                __vector_dispatch_23
                0x00000001                ASSERT (((_vector_spacing == 0x0) || (SIZEOF (.vector_23) <= (_vector_spacing << 0x5))), function at exception vector 23 too large)

.vector_24      0x9fc01500        0x8
 *(.vector_24)
 .vector_24     0x9fc01500        0x8 /opt/microchip/xc32/v1.22/bin/../lib/gcc/pic32mx/4.5.2/../../../../pic32mx/lib/libpic32.a(vector24.o)
                0x9fc01500                __vector_dispatch_24
                0x00000001                ASSERT (((_vector_spacing == 0x0) || (SIZEOF (.vector_24) <= (_vector_spacing << 0x5))), function at exception vector 24 too large)

.vector_25      0x9fc01520        0x8
 *(.vector_25)
 .vector_25     0x9fc01520        0x8 /opt/microchip/xc32/v1.22/bin/../lib/gcc/pic32mx/4.5.2/../../../../pic32mx/lib/libpic32.a(vector25.o)
                0x9fc01520                __vector_dispatch_25
                0x00000001                ASSERT (((_vector_spacing == 0x0) || (SIZEOF (.vector_25) <= (_vector_spacing << 0x5))), function at exception vector 25 too large)

.vector_26      0x9fc01540        0x8
 *(.vector_26)
 .vector_26     0x9fc01540        0x8 /opt/microchip/xc32/v1.22/bin/../lib/gcc/pic32mx/4.5.2/../../../../pic32mx/lib/libpic32.a(vector26.o)
                0x9fc01540                __vector_dispatch_26
                0x00000001                ASSERT (((_vector_spacing == 0x0) || (SIZEOF (.vector_26) <= (_vector_spacing << 0x5))), function at exception vector 26 too large)

.vector_27      0x9fc01560        0x8
 *(.vector_27)
 .vector_27     0x9fc01560        0x8 /opt/microchip/xc32/v1.22/bin/../lib/gcc/pic32mx/4.5.2/../../../../pic32mx/lib/libpic32.a(vector27.o)
                0x9fc01560                __vector_dispatch_27
                0x00000001                ASSERT (((_vector_spacing == 0x0) || (SIZEOF (.vector_27) <= (_vector_spacing << 0x5))), function at exception vector 27 too large)

.vector_28      0x9fc01580        0x8
 *(.vector_28)
 .vector_28     0x9fc01580        0x8 /opt/microchip/xc32/v1.22/bin/../lib/gcc/pic32mx/4.5.2/../../../../pic32mx/lib/libpic32.a(vector28.o)
                0x9fc01580                __vector_dispatch_28
                0x00000001                ASSERT (((_vector_spacing == 0x0) || (SIZEOF (.vector_28) <= (_vector_spacing << 0x5))), function at exception vector 28 too large)

.vector_29      0x9fc015a0        0x8
 *(.vector_29)
 .vector_29     0x9fc015a0        0x8 /opt/microchip/xc32/v1.22/bin/../lib/gcc/pic32mx/4.5.2/../../../../pic32mx/lib/libpic32.a(vector29.o)
                0x9fc015a0                __vector_dispatch_29
                0x00000001                ASSERT (((_vector_spacing == 0x0) || (SIZEOF (.vector_29) <= (_vector_spacing << 0x5))), function at exception vector 29 too large)

.vector_30      0x9fc015c0        0x8
 *(.vector_30)
 .vector_30     0x9fc015c0        0x8 /opt/microchip/xc32/v1.22/bin/../lib/gcc/pic32mx/4.5.2/../../../../pic32mx/lib/libpic32.a(vector30.o)
                0x9fc015c0                __vector_dispatch_30
                0x00000001                ASSERT (((_vector_spacing == 0x0) || (SIZEOF (.vector_30) <= (_vector_spacing << 0x5))), function at exception vector 30 too large)

.vector_31      0x9fc015e0        0x8
 *(.vector_31)
 .vector_31     0x9fc015e0        0x8 /opt/microchip/xc32/v1.22/bin/../lib/gcc/pic32mx/4.5.2/../../../../pic32mx/lib/libpic32.a(vector31.o)
                0x9fc015e0                __vector_dispatch_31
                0x00000001                ASSERT (((_vector_spacing == 0x0) || (SIZEOF (.vector_31) <= (_vector_spacing << 0x5))), function at exception vector 31 too large)

.vector_32      0x9fc01600        0x8
 *(.vector_32)
 .vector_32     0x9fc01600        0x8 /opt/microchip/xc32/v1.22/bin/../lib/gcc/pic32mx/4.5.2/../../../../pic32mx/lib/libpic32.a(vector32.o)
                0x9fc01600                __vector_dispatch_32
                0x00000001                ASSERT (((_vector_spacing == 0x0) || (SIZEOF (.vector_32) <= (_vector_spacing << 0x5))), function at exception vector 32 too large)

.vector_33      0x9fc01620        0x8
 *(.vector_33)
 .vector_33     0x9fc01620        0x8 /opt/microchip/xc32/v1.22/bin/../lib/gcc/pic32mx/4.5.2/../../../../pic32mx/lib/libpic32.a(vector33.o)
                0x9fc01620                __vector_dispatch_33
                0x00000001                ASSERT (((_vector_spacing == 0x0) || (SIZEOF (.vector_33) <= (_vector_spacing << 0x5))), function at exception vector 33 too large)

.vector_34      0x9fc01640        0x8
 *(.vector_34)
 .vector_34     0x9fc01640        0x8 /opt/microchip/xc32/v1.22/bin/../lib/gcc/pic32mx/4.5.2/../../../../pic32mx/lib/libpic32.a(vector34.o)
                0x9fc01640                __vector_dispatch_34
                0x00000001                ASSERT (((_vector_spacing == 0x0) || (SIZEOF (.vector_34) <= (_vector_spacing << 0x5))), function at exception vector 34 too large)

.vector_35      0x9fc01660        0x8
 *(.vector_35)
 .vector_35     0x9fc01660        0x8 /opt/microchip/xc32/v1.22/bin/../lib/gcc/pic32mx/4.5.2/../../../../pic32mx/lib/libpic32.a(vector35.o)
                0x9fc01660                __vector_dispatch_35
                0x00000001                ASSERT (((_vector_spacing == 0x0) || (SIZEOF (.vector_35) <= (_vector_spacing << 0x5))), function at exception vector 35 too large)

.vector_36      0x9fc01680        0x8
 *(.vector_36)
 .vector_36     0x9fc01680        0x8 /opt/microchip/xc32/v1.22/bin/../lib/gcc/pic32mx/4.5.2/../../../../pic32mx/lib/libpic32.a(vector36.o)
                0x9fc01680                __vector_dispatch_36
                0x00000001                ASSERT (((_vector_spacing == 0x0) || (SIZEOF (.vector_36) <= (_vector_spacing << 0x5))), function at exception vector 36 too large)

.vector_37      0x9fc016a0        0x8
 *(.vector_37)
 .vector_37     0x9fc016a0        0x8 /opt/microchip/xc32/v1.22/bin/../lib/gcc/pic32mx/4.5.2/../../../../pic32mx/lib/libpic32.a(vector37.o)
                0x9fc016a0                __vector_dispatch_37
                0x00000001                ASSERT (((_vector_spacing == 0x0) || (SIZEOF (.vector_37) <= (_vector_spacing << 0x5))), function at exception vector 37 too large)

.vector_38      0x9fc016c0        0x8
 *(.vector_38)
 .vector_38     0x9fc016c0        0x8 /opt/microchip/xc32/v1.22/bin/../lib/gcc/pic32mx/4.5.2/../../../../pic32mx/lib/libpic32.a(vector38.o)
                0x9fc016c0                __vector_dispatch_38
                0x00000001                ASSERT (((_vector_spacing == 0x0) || (SIZEOF (.vector_38) <= (_vector_spacing << 0x5))), function at exception vector 38 too large)

.vector_39      0x9fc016e0        0x8
 *(.vector_39)
 .vector_39     0x9fc016e0        0x8 /opt/microchip/xc32/v1.22/bin/../lib/gcc/pic32mx/4.5.2/../../../../pic32mx/lib/libpic32.a(vector39.o)
                0x9fc016e0                __vector_dispatch_39
                0x00000001                ASSERT (((_vector_spacing == 0x0) || (SIZEOF (.vector_39) <= (_vector_spacing << 0x5))), function at exception vector 39 too large)

.vector_40      0x9fc01700        0x8
 *(.vector_40)
 .vector_40     0x9fc01700        0x8 /opt/microchip/xc32/v1.22/bin/../lib/gcc/pic32mx/4.5.2/../../../../pic32mx/lib/libpic32.a(vector40.o)
                0x9fc01700                __vector_dispatch_40
                0x00000001                ASSERT (((_vector_spacing == 0x0) || (SIZEOF (.vector_40) <= (_vector_spacing << 0x5))), function at exception vector 40 too large)

.vector_41      0x9fc01720        0x8
 *(.vector_41)
 .vector_41     0x9fc01720        0x8 /opt/microchip/xc32/v1.22/bin/../lib/gcc/pic32mx/4.5.2/../../../../pic32mx/lib/libpic32.a(vector41.o)
                0x9fc01720                __vector_dispatch_41
                0x00000001                ASSERT (((_vector_spacing == 0x0) || (SIZEOF (.vector_41) <= (_vector_spacing << 0x5))), function at exception vector 41 too large)

.vector_42      0x9fc01740        0x8
 *(.vector_42)
 .vector_42     0x9fc01740        0x8 /opt/microchip/xc32/v1.22/bin/../lib/gcc/pic32mx/4.5.2/../../../../pic32mx/lib/libpic32.a(vector42.o)
                0x9fc01740                __vector_dispatch_42
                0x00000001                ASSERT (((_vector_spacing == 0x0) || (SIZEOF (.vector_42) <= (_vector_spacing << 0x5))), function at exception vector 42 too large)

.vector_43      0x9fc01760        0x8
 *(.vector_43)
 .vector_43     0x9fc01760        0x8 /opt/microchip/xc32/v1.22/bin/../lib/gcc/pic32mx/4.5.2/../../../../pic32mx/lib/libpic32.a(vector43.o)
                0x9fc01760                __vector_dispatch_43
                0x00000001                ASSERT (((_vector_spacing == 0x0) || (SIZEOF (.vector_43) <= (_vector_spacing << 0x5))), function at exception vector 43 too large)

.vector_44      0x9fc01780        0x8
 *(.vector_44)
 .vector_44     0x9fc01780        0x8 /opt/microchip/xc32/v1.22/bin/../lib/gcc/pic32mx/4.5.2/../../../../pic32mx/lib/libpic32.a(vector44.o)
                0x9fc01780                __vector_dispatch_44
                0x00000001                ASSERT (((_vector_spacing == 0x0) || (SIZEOF (.vector_44) <= (_vector_spacing << 0x5))), function at exception vector 44 too large)

.vector_45      0x9fc017a0        0x8
 *(.vector_45)
 .vector_45     0x9fc017a0        0x8 /opt/microchip/xc32/v1.22/bin/../lib/gcc/pic32mx/4.5.2/../../../../pic32mx/lib/libpic32.a(vector45.o)
                0x9fc017a0                __vector_dispatch_45
                0x00000001                ASSERT (((_vector_spacing == 0x0) || (SIZEOF (.vector_45) <= (_vector_spacing << 0x5))), function at exception vector 45 too large)

.vector_46      0x9fc017c0        0x8
 *(.vector_46)
 .vector_46     0x9fc017c0        0x8 /opt/microchip/xc32/v1.22/bin/../lib/gcc/pic32mx/4.5.2/../../../../pic32mx/lib/libpic32.a(vector46.o)
                0x9fc017c0                __vector_dispatch_46
                0x00000001                ASSERT (((_vector_spacing == 0x0) || (SIZEOF (.vector_46) <= (_vector_spacing << 0x5))), function at exception vector 46 too large)

.vector_47      0x9fc017e0        0x8
 *(.vector_47)
 .vector_47     0x9fc017e0        0x8 /opt/microchip/xc32/v1.22/bin/../lib/gcc/pic32mx/4.5.2/../../../../pic32mx/lib/libpic32.a(vector47.o)
                0x9fc017e0                __vector_dispatch_47
                0x00000001                ASSERT (((_vector_spacing == 0x0) || (SIZEOF (.vector_47) <= (_vector_spacing << 0x5))), function at exception vector 47 too large)

.vector_48      0x9fc01800        0x8
 *(.vector_48)
 .vector_48     0x9fc01800        0x8 build/default/debug/contrib/ports/microchip/netif/Microchip_eth.o
                0x9fc01800                __vector_dispatch_48
                0x00000001                ASSERT (((_vector_spacing == 0x0) || (SIZEOF (.vector_48) <= (_vector_spacing << 0x5))), function at exception vector 48 too large)

.vector_49      0x9fc01820        0x8
 *(.vector_49)
 .vector_49     0x9fc01820        0x8 /opt/microchip/xc32/v1.22/bin/../lib/gcc/pic32mx/4.5.2/../../../../pic32mx/lib/libpic32.a(vector49.o)
                0x9fc01820                __vector_dispatch_49
                0x00000001                ASSERT (((_vector_spacing == 0x0) || (SIZEOF (.vector_49) <= (_vector_spacing << 0x5))), function at exception vector 49 too large)

.vector_50      0x9fc01840        0x8
 *(.vector_50)
 .vector_50     0x9fc01840        0x8 /opt/microchip/xc32/v1.22/bin/../lib/gcc/pic32mx/4.5.2/../../../../pic32mx/lib/libpic32.a(vector50.o)
                0x9fc01840                __vector_dispatch_50
                0x00000001                ASSERT (((_vector_spacing == 0x0) || (SIZEOF (.vector_50) <= (_vector_spacing << 0x5))), function at exception vector 50 too large)

.vector_51      0x9fc01860        0x8
 *(.vector_51)
 .vector_51     0x9fc01860        0x8 /opt/microchip/xc32/v1.22/bin/../lib/gcc/pic32mx/4.5.2/../../../../pic32mx/lib/libpic32.a(vector51.o)
                0x9fc01860                __vector_dispatch_51
                0x00000001                ASSERT (((_vector_spacing == 0x0) || (SIZEOF (.vector_51) <= (_vector_spacing << 0x5))), function at exception vector 51 too large)

.vector_52      0x9fc01880        0x8
 *(.vector_52)
 .vector_52     0x9fc01880        0x8 /opt/microchip/xc32/v1.22/bin/../lib/gcc/pic32mx/4.5.2/../../../../pic32mx/lib/libpic32.a(vector52.o)
                0x9fc01880                __vector_dispatch_52
                0x00000001                ASSERT (((_vector_spacing == 0x0) || (SIZEOF (.vector_52) <= (_vector_spacing << 0x5))), function at exception vector 52 too large)

.vector_53      0x9fc018a0        0x8
 *(.vector_53)
 .vector_53     0x9fc018a0        0x8 /opt/microchip/xc32/v1.22/bin/../lib/gcc/pic32mx/4.5.2/../../../../pic32mx/lib/libpic32.a(vector53.o)
                0x9fc018a0                __vector_dispatch_53
                0x00000001                ASSERT (((_vector_spacing == 0x0) || (SIZEOF (.vector_53) <= (_vector_spacing << 0x5))), function at exception vector 53 too large)

.vector_54      0x9fc018c0        0x8
 *(.vector_54)
 .vector_54     0x9fc018c0        0x8 /opt/microchip/xc32/v1.22/bin/../lib/gcc/pic32mx/4.5.2/../../../../pic32mx/lib/libpic32.a(vector54.o)
                0x9fc018c0                __vector_dispatch_54
                0x00000001                ASSERT (((_vector_spacing == 0x0) || (SIZEOF (.vector_54) <= (_vector_spacing << 0x5))), function at exception vector 54 too large)

.vector_55      0x9fc018e0        0x8
 *(.vector_55)
 .vector_55     0x9fc018e0        0x8 /opt/microchip/xc32/v1.22/bin/../lib/gcc/pic32mx/4.5.2/../../../../pic32mx/lib/libpic32.a(vector55.o)
                0x9fc018e0                __vector_dispatch_55
                0x00000001                ASSERT (((_vector_spacing == 0x0) || (SIZEOF (.vector_55) <= (_vector_spacing << 0x5))), function at exception vector 55 too large)

.vector_56      0x9fc01900        0x8
 *(.vector_56)
 .vector_56     0x9fc01900        0x8 /opt/microchip/xc32/v1.22/bin/../lib/gcc/pic32mx/4.5.2/../../../../pic32mx/lib/libpic32.a(vector56.o)
                0x9fc01900                __vector_dispatch_56
                0x00000001                ASSERT (((_vector_spacing == 0x0) || (SIZEOF (.vector_56) <= (_vector_spacing << 0x5))), function at exception vector 56 too large)

.vector_57      0x9fc01920        0x8
 *(.vector_57)
 .vector_57     0x9fc01920        0x8 /opt/microchip/xc32/v1.22/bin/../lib/gcc/pic32mx/4.5.2/../../../../pic32mx/lib/libpic32.a(vector57.o)
                0x9fc01920                __vector_dispatch_57
                0x00000001                ASSERT (((_vector_spacing == 0x0) || (SIZEOF (.vector_57) <= (_vector_spacing << 0x5))), function at exception vector 57 too large)

.vector_58      0x9fc01940        0x8
 *(.vector_58)
 .vector_58     0x9fc01940        0x8 /opt/microchip/xc32/v1.22/bin/../lib/gcc/pic32mx/4.5.2/../../../../pic32mx/lib/libpic32.a(vector58.o)
                0x9fc01940                __vector_dispatch_58
                0x00000001                ASSERT (((_vector_spacing == 0x0) || (SIZEOF (.vector_58) <= (_vector_spacing << 0x5))), function at exception vector 58 too large)

.vector_59      0x9fc01960        0x8
 *(.vector_59)
 .vector_59     0x9fc01960        0x8 /opt/microchip/xc32/v1.22/bin/../lib/gcc/pic32mx/4.5.2/../../../../pic32mx/lib/libpic32.a(vector59.o)
                0x9fc01960                __vector_dispatch_59
                0x00000001                ASSERT (((_vector_spacing == 0x0) || (SIZEOF (.vector_59) <= (_vector_spacing << 0x5))), function at exception vector 59 too large)

.vector_60      0x9fc01980        0x8
 *(.vector_60)
 .vector_60     0x9fc01980        0x8 /opt/microchip/xc32/v1.22/bin/../lib/gcc/pic32mx/4.5.2/../../../../pic32mx/lib/libpic32.a(vector60.o)
                0x9fc01980                __vector_dispatch_60
                0x00000001                ASSERT (((_vector_spacing == 0x0) || (SIZEOF (.vector_60) <= (_vector_spacing << 0x5))), function at exception vector 60 too large)

.vector_61      0x9fc019a0        0x8
 *(.vector_61)
 .vector_61     0x9fc019a0        0x8 /opt/microchip/xc32/v1.22/bin/../lib/gcc/pic32mx/4.5.2/../../../../pic32mx/lib/libpic32.a(vector61.o)
                0x9fc019a0                __vector_dispatch_61
                0x00000001                ASSERT (((_vector_spacing == 0x0) || (SIZEOF (.vector_61) <= (_vector_spacing << 0x5))), function at exception vector 61 too large)

.vector_62      0x9fc019c0        0x8
 *(.vector_62)
 .vector_62     0x9fc019c0        0x8 /opt/microchip/xc32/v1.22/bin/../lib/gcc/pic32mx/4.5.2/../../../../pic32mx/lib/libpic32.a(vector62.o)
                0x9fc019c0                __vector_dispatch_62
                0x00000001                ASSERT (((_vector_spacing == 0x0) || (SIZEOF (.vector_62) <= (_vector_spacing << 0x5))), function at exception vector 62 too large)

.vector_63      0x9fc019e0        0x8
 *(.vector_63)
 .vector_63     0x9fc019e0        0x8 /opt/microchip/xc32/v1.22/bin/../lib/gcc/pic32mx/4.5.2/../../../../pic32mx/lib/libpic32.a(vector63.o)
                0x9fc019e0                __vector_dispatch_63
                0x00000001                ASSERT (((_vector_spacing == 0x0) || (SIZEOF (.vector_63) <= (_vector_spacing << 0x5))), function at exception vector 63 too large)

.startup
 *(.startup)

.text           0x9d000000        0x0
 *(.stub .gnu.linkonce.t.*)
 *(.text.*personality*)
 *(.mips16.fn.*)
 *(.mips16.call.*)
 *(.gnu.warning)
                0x9d000000                . = ALIGN (0x4)

.init           0x9d000000        0x0
 *crti.o(.init)
 *crtbegin.o(.init)
 *(EXCLUDE_FILE(*crtn.o *crtend?.o *crtend.o) .init)
 *crtend.o(.init)
 *crtn.o(.init)
                0x9d000000                . = ALIGN (0x4)

.fini           0x9d000000        0x0
 *(.fini)
                0x9d000000                . = ALIGN (0x4)

.preinit_array  0x9d000000        0x0
                0x9d000000                PROVIDE (__preinit_array_start, .)
 *(.preinit_array)
                0x9d000000                PROVIDE (__preinit_array_end, .)
                0x9d000000                . = ALIGN (0x4)

.init_array     0x9d000000        0x0
                0x9d000000                PROVIDE (__init_array_start, .)
 *(SORT(.init_array.*))
 *(.init_array)
                0x9d000000                PROVIDE (__init_array_end, .)
                0x9d000000                . = ALIGN (0x4)

.fini_array     0x9d000000        0x0
                0x9d000000                PROVIDE (__fini_array_start, .)
 *(SORT(.fini_array.*))
 *(.fini_array)
                0x9d000000                PROVIDE (__fini_array_end, .)
                0x9d000000                . = ALIGN (0x4)

.ctors          0x9d000000        0x0
 *crtbegin.o(.ctors)
 *crtbegin?.o(.ctors)
 *(EXCLUDE_FILE(*crtend?.o *crtend.o) .ctors)
 *(SORT(.ctors.*))
 *(.ctors)
                0x9d000000                . = ALIGN (0x4)

.dtors          0x9d000000        0x0
 *crtbegin.o(.dtors)
 *crtbegin?.o(.dtors)
 *(EXCLUDE_FILE(*crtend?.o *crtend.o) .dtors)
 *(SORT(.dtors.*))
 *(.dtors)
                0x9d000000                . = ALIGN (0x4)

.rodata         0x9d000000        0x0
 *(.gnu.linkonce.r.*)
 *(.rodata1)
                0x9d000000                . = ALIGN (0x4)

.sdata2         0x9fc00490        0x0
 *(.sdata2 .sdata2.* .gnu.linkonce.s2.*)
                0x9fc00490                . = ALIGN (0x4)

.sbss2          0x9fc00490        0x0
 *(.sbss2 .sbss2.* .gnu.linkonce.sb2.*)
                0x9fc00490                . = ALIGN (0x4)

.eh_frame_hdr
 *(.eh_frame_hdr)
                0x9fc00490                . = ALIGN (0x4)

.eh_frame
 *(.eh_frame)
                0x9fc00490                . = ALIGN (0x4)

.gcc_except_table
 *(.gcc_except_table .gcc_except_table.*)
                0x9fc00490                . = ALIGN (0x4)

.dbg_data       0xa0000000      0x200
                0xa0000000                . = (. + DEFINED (_DEBUGGER)?0x200:0x0)
 *fill*         0xa0000000      0x200 

.jcr            0xa0000200        0x0
 *(.jcr)
                0xa0000200                . = ALIGN (0x4)

.eh_frame       0xa0000200       0x30
 *(.eh_frame)
 .eh_frame      0xa0000200       0x20 /opt/microchip/xc32/v1.22/bin/../lib/gcc/pic32mx/4.5.2/libgcc.a(_udivdi3.o)
 .eh_frame      0xa0000220       0x10 /opt/microchip/xc32/v1.22/bin/../lib/gcc/pic32mx/4.5.2/libgcc.a(_umoddi3.o)
                0xa0000230                . = ALIGN (0x4)

.gcc_except_table
 *(.gcc_except_table .gcc_except_table.*)
                0xa0000230                . = ALIGN (0x4)

.persist        0xa0000230        0x0
                0xa0000230                _persist_begin = .
 *(.persist .persist.*)
 *(.pbss .pbss.*)
                0xa0000230                . = ALIGN (0x4)
                0xa0000230                _persist_end = .

.data           0xa0000230        0x0
 *(.gnu.linkonce.d.*)
 *(.data1)
                0xa0000230                . = ALIGN (0x4)
                0xa0000230                . = .
                0xa0008220                _gp = (ALIGN (0x10) + 0x7ff0)

.got            0xa0000230        0x0
 *(.got.plt)
 *(.got)
                0xa0000230                . = ALIGN (0x4)

.sdata          0xa0000230       0x20
                0xa0000230                _sdata_begin = .
 *(.sdata .sdata.* .gnu.linkonce.s.*)
 .sdata         0xa0000230        0x4 build/default/debug/freertos/port.o
                0xa0000230                uxInterruptNesting
 .sdata         0xa0000234        0x4 build/default/debug/freertos/tasks.o
                0xa0000234                xNextTaskUnblockTime
 .sdata         0xa0000238        0x2 build/default/debug/lwip-1.4.1/src/core/udp.o
 *fill*         0xa000023a        0x2 
 .sdata         0xa000023c        0x8 build/default/debug/lwip-1.4.1/src/core/tcp.o
 .sdata         0xa0000244        0x2 build/default/debug/src/echo.o
                0xa0000244                echo_port
 *fill*         0xa0000246        0x2 
 .sdata         0xa0000248        0x4 /opt/microchip/xc32/v1.22/bin/../lib/gcc/pic32mx/4.5.2/../../../../pic32mx/lib/libpic32.a(xc32_uart.o)
                0xa0000248                __XC_UART
 .sdata         0xa000024c        0x4 /opt/microchip/xc32/v1.22/bin/../lib/gcc/pic32mx/4.5.2/../../../../pic32mx/lib/libc.a(_iob.o)
                0xa000024c                _Files
                0xa0000250                . = ALIGN (0x4)
                0xa0000250                _sdata_end = .

.lit8
 *(.lit8)

.lit4
 *(.lit4)
                0xa0000250                . = ALIGN (0x4)
                0xa0000250                _data_end = .
                0xa0000250                _bss_begin = .

.sbss           0xa0000250      0x150
                0xa0000250                _sbss_begin = .
 *(.dynsbss)
 *(.sbss .sbss.* .gnu.linkonce.sb.*)
 .sbss          0xa0000250        0x8 build/default/debug/contrib/ports/microchip/ethernetif.o
 .sbss          0xa0000258       0x10 build/default/debug/freertos/timers.o
 .sbss          0xa0000268        0x4 build/default/debug/freertos/port.o
                0xa0000268                uxSavedTaskStackPointer
 .sbss          0xa000026c       0x2c build/default/debug/freertos/tasks.o
                0xa000026c                pxCurrentTCB
                0xa0000270                uxTasksDeleted
                0xa0000274                uxCurrentNumberOfTasks
                0xa0000278                xTickCount
                0xa000027c                uxTopReadyPriority
                0xa0000280                xSchedulerRunning
                0xa0000284                uxPendedTicks
                0xa0000288                xYieldPending
                0xa000028c                xNumOfOverflows
                0xa0000290                uxTaskNumber
                0xa0000294                uxSchedulerSuspended
 .sbss          0xa0000298       0x14 build/default/debug/freertos/croutine.o
                0xa0000298                pxCurrentCoRoutine
                0xa000029c                uxTopCoRoutineReadyPriority
                0xa00002a0                xCoRoutineTickCount
                0xa00002a4                xLastTickCount
                0xa00002a8                xPassedTicks
 .sbss          0xa00002ac        0xc build/default/debug/lwip-1.4.1/src/api/tcpip.o
 .sbss          0xa00002b8        0x8 build/default/debug/lwip-1.4.1/src/api/sockets.o
 .sbss          0xa00002c0        0x8 build/default/debug/lwip-1.4.1/src/core/ipv4/ip_frag.o
 .sbss          0xa00002c8        0x2 build/default/debug/lwip-1.4.1/src/core/ipv4/ip.o
 *fill*         0xa00002ca        0x2 
 .sbss          0xa00002cc        0x8 build/default/debug/lwip-1.4.1/src/core/timers.o
 .sbss          0xa00002d4        0x1 build/default/debug/lwip-1.4.1/src/core/netif.o
 *fill*         0xa00002d5        0x3 
 .sbss          0xa00002d8       0x10 build/default/debug/lwip-1.4.1/src/core/mem.o
 .sbss          0xa00002e8        0x4 build/default/debug/lwip-1.4.1/src/core/dhcp.o
 .sbss          0xa00002ec       0x1c build/default/debug/lwip-1.4.1/src/core/tcp_in.o
 .sbss          0xa0000308        0x2 build/default/debug/lwip-1.4.1/src/core/tcp.o
 .sbss          0xa000030a        0x1 build/default/debug/lwip-1.4.1/src/netif/etharp.o
 *fill*         0xa000030b        0x1 
 .sbss          0xa000030c       0x20 /opt/microchip/xc32/v1.22/bin/../lib/gcc/pic32mx/4.5.2/../../../../pic32mx/lib/libmchp_peripheral_32MX795F512L.a(eth_descriptors_add_lib.o)
                0xa000030c                _EthTxFreeList
                0xa0000314                _EthTxBusyList
                0xa000031c                _EthRxFreeList
                0xa0000324                _EthRxBusyList
 .sbss          0xa000032c        0x1 /opt/microchip/xc32/v1.22/bin/../lib/gcc/pic32mx/4.5.2/../../../../pic32mx/lib/libc.a(_iob.o)
                0xa000032c                _outdone
 *fill*         0xa000032d        0x3 
 .sbss          0xa0000330       0x10 /opt/microchip/xc32/v1.22/bin/../lib/gcc/pic32mx/4.5.2/../../../../pic32mx/lib/libc.a(malloc.o)
                0xa0000330                __allocp
                0xa0000334                __alloct
                0xa0000338                __allocx
 .sbss          0xa0000340        0x4 /opt/microchip/xc32/v1.22/bin/../lib/gcc/pic32mx/4.5.2/../../../../pic32mx/lib/libc.a(errno.o)
                0xa0000340                errno
 .sbss          0xa0000344        0x8 /opt/microchip/xc32/v1.22/bin/../lib/gcc/pic32mx/4.5.2/../../../../pic32mx/lib/libpic32.a(sbrk.o)
                0xa0000344                _minbrk
                0xa0000348                _maxbrk
 *(.scommon)
 .scommon       0xa000034c        0x4 build/default/debug/contrib/ports/microchip/netif/ETHPIC32ExtPhy.o
                0xa000034c                _PhyAdd
 .scommon       0xa0000350        0x8 build/default/debug/freertos/tasks.o
                0xa0000350                pxDelayedTaskList
                0xa0000354                pxOverflowDelayedTaskList
 .scommon       0xa0000358        0x8 build/default/debug/freertos/croutine.o
                0xa0000358                pxOverflowDelayedCoRoutineList
                0xa000035c                pxDelayedCoRoutineList
 .scommon       0xa0000360       0x10 build/default/debug/lwip-1.4.1/src/core/ipv4/ip.o
                0xa0000360                current_iphdr_src
                0xa0000364                current_netif
                0xa0000368                current_header
                0xa000036c                current_iphdr_dest
 .scommon       0xa0000370        0x8 build/default/debug/lwip-1.4.1/src/core/netif.o
                0xa0000370                netif_default
                0xa0000374                netif_list
 .scommon       0xa0000378        0x1 build/default/debug/lwip-1.4.1/src/core/pbuf.o
                0xa0000378                pbuf_free_ooseq_pending
 *fill*         0xa0000379        0x3 
 .scommon       0xa000037c        0x4 build/default/debug/lwip-1.4.1/src/core/tcp_in.o
                0xa000037c                tcp_input_pcb
 .scommon       0xa0000380        0x4 build/default/debug/lwip-1.4.1/src/core/udp.o
                0xa0000380                udp_pcbs
 .scommon       0xa0000384       0x19 build/default/debug/lwip-1.4.1/src/core/tcp.o
                0xa0000384                tcp_tw_pcbs
                0xa0000388                tcp_ticks
                0xa000038c                tcp_tmp_pcb
                0xa0000390                tcp_listen_pcbs
                0xa0000394                tcp_active_pcbs
                0xa0000398                tcp_bound_pcbs
                0xa000039c                tcp_active_pcbs_changed
                0xa000039d                _sbss_end = .
                0xa00003a0                . = ALIGN (0x4)
 *fill*         0xa000039d        0x3 

.bss            0xa00003a0     0x2174
 *(.dynbss)
 *(COMMON)
 COMMON         0xa00003a0       0xc8 build/default/debug/freertos/tasks.o
                0xa00003a0                pxReadyTasksLists
                0xa0000404                xPendingReadyList
                0xa0000418                xTasksWaitingTermination
                0xa000042c                xSuspendedTaskList
                0xa0000440                xDelayedTaskList2
                0xa0000454                xDelayedTaskList1
 COMMON         0xa0000468       0x64 build/default/debug/freertos/croutine.o
                0xa0000468                xDelayedCoRoutineList2
                0xa000047c                xDelayedCoRoutineList1
                0xa0000490                pxReadyCoRoutineLists
                0xa00004b8                xPendingReadyCoRoutineList
 COMMON         0xa00004cc     0x2014 build/default/debug/lwip-1.4.1/src/core/mem.o
                0xa00004cc                ram_heap
 COMMON         0xa00024e0       0x32 build/default/debug/lwip-1.4.1/src/core/dhcp.o
                0xa00024e0                dhcp_rx_options_val
                0xa0002508                dhcp_rx_options_given
                0xa0002514                . = ALIGN ((. != 0x0)?0x4:0x1)
 *fill*         0xa0002512        0x2 
                0xa0002514                . = ALIGN (0x4)
                0xa0002514                _end = .
                0xa0002514                _bss_end = .
                0x00020000                _bmxdudba_address = 0x20000
                0x00020000                _bmxdupba_address = 0x20000

/DISCARD/
 *(.pdr)
 *(.rel.dyn)
 *(.note.GNU-stack)
 *(.note.GNU-stack)
 *(.gnu_debuglink)
 *(.gnu.lto_*)
 *(.discard)

.gptab.sdata
 *(.gptab.data)
 *(.gptab.sdata)

.gptab.sbss
 *(.gptab.bss)
 *(.gptab.sbss)

.mdebug.abi32   0xa0002514        0x0
 *(.mdebug.abi32)
 .mdebug.abi32  0xa0002514        0x0 build/default/debug/contrib/ports/microchip/netif/ETHPIC32ExtPhyDP83848.o
 .mdebug.abi32  0xa0002514        0x0 build/default/debug/contrib/ports/microchip/netif/xadapter.o
 .mdebug.abi32  0xa0002514        0x0 build/default/debug/contrib/ports/microchip/netif/Microchip_eth.o
 .mdebug.abi32  0xa0002514        0x0 build/default/debug/contrib/ports/microchip/netif/ETHPIC32ExtPhy.o
 .mdebug.abi32  0xa0002514        0x0 build/default/debug/contrib/ports/microchip/sys_arch_raw.o
 .mdebug.abi32  0xa0002514        0x0 build/default/debug/contrib/ports/microchip/sys_arch.o
 .mdebug.abi32  0xa0002514        0x0 build/default/debug/contrib/ports/microchip/ethernetif.o
 .mdebug.abi32  0xa0002514        0x0 build/default/debug/freertos/heap/heap_3.o
 .mdebug.abi32  0xa0002514        0x0 build/default/debug/freertos/timers.o
 .mdebug.abi32  0xa0002514        0x0 build/default/debug/freertos/port.o
 .mdebug.abi32  0xa0002514        0x0 build/default/debug/freertos/list.o
 .mdebug.abi32  0xa0002514        0x0 build/default/debug/freertos/tasks.o
 .mdebug.abi32  0xa0002514        0x0 build/default/debug/freertos/croutine.o
 .mdebug.abi32  0xa0002514        0x0 build/default/debug/freertos/queue.o
 .mdebug.abi32  0xa0002514        0x0 build/default/debug/lwip-1.4.1/src/api/api_msg.o
 .mdebug.abi32  0xa0002514        0x0 build/default/debug/lwip-1.4.1/src/api/netbuf.o
 .mdebug.abi32  0xa0002514        0x0 build/default/debug/lwip-1.4.1/src/api/netdb.o
 .mdebug.abi32  0xa0002514        0x0 build/default/debug/lwip-1.4.1/src/api/tcpip.o
 .mdebug.abi32  0xa0002514        0x0 build/default/debug/lwip-1.4.1/src/api/sockets.o
 .mdebug.abi32  0xa0002514        0x0 build/default/debug/lwip-1.4.1/src/api/netifapi.o
 .mdebug.abi32  0xa0002514        0x0 build/default/debug/lwip-1.4.1/src/api/err.o
 .mdebug.abi32  0xa0002514        0x0 build/default/debug/lwip-1.4.1/src/api/api_lib.o
 .mdebug.abi32  0xa0002514        0x0 build/default/debug/lwip-1.4.1/src/core/ipv4/autoip.o
 .mdebug.abi32  0xa0002514        0x0 build/default/debug/lwip-1.4.1/src/core/ipv4/ip_addr.o
 .mdebug.abi32  0xa0002514        0x0 build/default/debug/lwip-1.4.1/src/core/ipv4/inet_chksum.o
 .mdebug.abi32  0xa0002514        0x0 build/default/debug/lwip-1.4.1/src/core/ipv4/icmp.o
 .mdebug.abi32  0xa0002514        0x0 build/default/debug/lwip-1.4.1/src/core/ipv4/inet.o
 .mdebug.abi32  0xa0002514        0x0 build/default/debug/lwip-1.4.1/src/core/ipv4/ip_frag.o
 .mdebug.abi32  0xa0002514        0x0 build/default/debug/lwip-1.4.1/src/core/ipv4/ip.o
 .mdebug.abi32  0xa0002514        0x0 build/default/debug/lwip-1.4.1/src/core/ipv4/igmp.o
 .mdebug.abi32  0xa0002514        0x0 build/default/debug/lwip-1.4.1/src/core/snmp/asn1_enc.o
 .mdebug.abi32  0xa0002514        0x0 build/default/debug/lwip-1.4.1/src/core/snmp/msg_out.o
 .mdebug.abi32  0xa0002514        0x0 build/default/debug/lwip-1.4.1/src/core/snmp/mib2.o
 .mdebug.abi32  0xa0002514        0x0 build/default/debug/lwip-1.4.1/src/core/snmp/asn1_dec.o
 .mdebug.abi32  0xa0002514        0x0 build/default/debug/lwip-1.4.1/src/core/snmp/msg_in.o
 .mdebug.abi32  0xa0002514        0x0 build/default/debug/lwip-1.4.1/src/core/snmp/mib_structs.o
 .mdebug.abi32  0xa0002514        0x0 build/default/debug/lwip-1.4.1/src/core/timers.o
 .mdebug.abi32  0xa0002514        0x0 build/default/debug/lwip-1.4.1/src/core/memp.o
 .mdebug.abi32  0xa0002514        0x0 build/default/debug/lwip-1.4.1/src/core/netif.o
 .mdebug.abi32  0xa0002514        0x0 build/default/debug/lwip-1.4.1/src/core/pbuf.o
 .mdebug.abi32  0xa0002514        0x0 build/default/debug/lwip-1.4.1/src/core/mem.o
 .mdebug.abi32  0xa0002514        0x0 build/default/debug/lwip-1.4.1/src/core/dhcp.o
 .mdebug.abi32  0xa0002514        0x0 build/default/debug/lwip-1.4.1/src/core/tcp_out.o
 .mdebug.abi32  0xa0002514        0x0 build/default/debug/lwip-1.4.1/src/core/stats.o
 .mdebug.abi32  0xa0002514        0x0 build/default/debug/lwip-1.4.1/src/core/tcp_in.o
 .mdebug.abi32  0xa0002514        0x0 build/default/debug/lwip-1.4.1/src/core/def.o
 .mdebug.abi32  0xa0002514        0x0 build/default/debug/lwip-1.4.1/src/core/raw.o
 .mdebug.abi32  0xa0002514        0x0 build/default/debug/lwip-1.4.1/src/core/dns.o
 .mdebug.abi32  0xa0002514        0x0 build/default/debug/lwip-1.4.1/src/core/udp.o
 .mdebug.abi32  0xa0002514        0x0 build/default/debug/lwip-1.4.1/src/core/init.o
 .mdebug.abi32  0xa0002514        0x0 build/default/debug/lwip-1.4.1/src/core/sys.o
 .mdebug.abi32  0xa0002514        0x0 build/default/debug/lwip-1.4.1/src/core/tcp.o
 .mdebug.abi32  0xa0002514        0x0 build/default/debug/lwip-1.4.1/src/netif/ppp/ppp_oe.o
 .mdebug.abi32  0xa0002514        0x0 build/default/debug/lwip-1.4.1/src/netif/ppp/chap.o
 .mdebug.abi32  0xa0002514        0x0 build/default/debug/lwip-1.4.1/src/netif/ppp/vj.o
 .mdebug.abi32  0xa0002514        0x0 build/default/debug/lwip-1.4.1/src/netif/ppp/ipcp.o
 .mdebug.abi32  0xa0002514        0x0 build/default/debug/lwip-1.4.1/src/netif/ppp/fsm.o
 .mdebug.abi32  0xa0002514        0x0 build/default/debug/lwip-1.4.1/src/netif/ppp/md5.o
 .mdebug.abi32  0xa0002514        0x0 build/default/debug/lwip-1.4.1/src/netif/ppp/magic.o
 .mdebug.abi32  0xa0002514        0x0 build/default/debug/lwip-1.4.1/src/netif/ppp/auth.o
 .mdebug.abi32  0xa0002514        0x0 build/default/debug/lwip-1.4.1/src/netif/ppp/chpms.o
 .mdebug.abi32  0xa0002514        0x0 build/default/debug/lwip-1.4.1/src/netif/ppp/pap.o
 .mdebug.abi32  0xa0002514        0x0 build/default/debug/lwip-1.4.1/src/netif/ppp/randm.o
 .mdebug.abi32  0xa0002514        0x0 build/default/debug/lwip-1.4.1/src/netif/ppp/lcp.o
 .mdebug.abi32  0xa0002514        0x0 build/default/debug/lwip-1.4.1/src/netif/ppp/ppp.o
 .mdebug.abi32  0xa0002514        0x0 build/default/debug/lwip-1.4.1/src/netif/etharp.o
 .mdebug.abi32  0xa0002514        0x0 build/default/debug/lwip-1.4.1/src/netif/ethernetif.o
 .mdebug.abi32  0xa0002514        0x0 build/default/debug/lwip-1.4.1/src/netif/slipif.o
 .mdebug.abi32  0xa0002514        0x0 build/default/debug/src/main.o
 .mdebug.abi32  0xa0002514        0x0 build/default/debug/src/ip_lwip.o
 .mdebug.abi32  0xa0002514        0x0 build/default/debug/src/echo.o
 .mdebug.abi32  0xa0002514        0x0 /opt/microchip/xc32/v1.22/bin/../lib/gcc/pic32mx/4.5.2/../../../../pic32mx/lib/libmchp_peripheral.a(read_core_timer_lib.o)
 .mdebug.abi32  0xa0002514        0x0 /opt/microchip/xc32/v1.22/bin/../lib/gcc/pic32mx/4.5.2/../../../../pic32mx/lib/libmchp_peripheral_32MX795F512L.a(eth_ack_packet_lib.o)
 .mdebug.abi32  0xa0002514        0x0 /opt/microchip/xc32/v1.22/bin/../lib/gcc/pic32mx/4.5.2/../../../../pic32mx/lib/libmchp_peripheral_32MX795F512L.a(eth_descriptors_add_lib.o)
 .mdebug.abi32  0xa0002514        0x0 /opt/microchip/xc32/v1.22/bin/../lib/gcc/pic32mx/4.5.2/../../../../pic32mx/lib/libmchp_peripheral_32MX795F512L.a(eth_init_lib.o)
 .mdebug.abi32  0xa0002514        0x0 /opt/microchip/xc32/v1.22/bin/../lib/gcc/pic32mx/4.5.2/../../../../pic32mx/lib/libmchp_peripheral_32MX795F512L.a(eth_mac_open_lib.o)
 .mdebug.abi32  0xa0002514        0x0 /opt/microchip/xc32/v1.22/bin/../lib/gcc/pic32mx/4.5.2/../../../../pic32mx/lib/libmchp_peripheral_32MX795F512L.a(eth_mac_set_address_max_lib.o)
 .mdebug.abi32  0xa0002514        0x0 /opt/microchip/xc32/v1.22/bin/../lib/gcc/pic32mx/4.5.2/../../../../pic32mx/lib/libmchp_peripheral_32MX795F512L.a(eth_rx_buffers_append_lib.o)
 .mdebug.abi32  0xa0002514        0x0 /opt/microchip/xc32/v1.22/bin/../lib/gcc/pic32mx/4.5.2/../../../../pic32mx/lib/libmchp_peripheral_32MX795F512L.a(eth_rx_filters_lib.o)
 .mdebug.abi32  0xa0002514        0x0 /opt/microchip/xc32/v1.22/bin/../lib/gcc/pic32mx/4.5.2/../../../../pic32mx/lib/libmchp_peripheral_32MX795F512L.a(eth_rx_get_packet_lib.o)
 .mdebug.abi32  0xa0002514        0x0 /opt/microchip/xc32/v1.22/bin/../lib/gcc/pic32mx/4.5.2/../../../../pic32mx/lib/libmchp_peripheral_32MX795F512L.a(eth_rx_set_buffer_size_lib.o)
 .mdebug.abi32  0xa0002514        0x0 /opt/microchip/xc32/v1.22/bin/../lib/gcc/pic32mx/4.5.2/../../../../pic32mx/lib/libmchp_peripheral_32MX795F512L.a(eth_tx_packet_lib.o)
 .mdebug.abi32  0xa0002514        0x0 /opt/microchip/xc32/v1.22/bin/../lib/gcc/pic32mx/4.5.2/../../../../pic32mx/lib/libmchp_peripheral_32MX795F512L.a(_eth_append_busy_list_lib.o)
 .mdebug.abi32  0xa0002514        0x0 /opt/microchip/xc32/v1.22/bin/../lib/gcc/pic32mx/4.5.2/../../../../pic32mx/lib/libmchp_peripheral_32MX795F512L.a(eth_miim_access.o)
 .mdebug.abi32  0xa0002514        0x0 /opt/microchip/xc32/v1.22/bin/../lib/gcc/pic32mx/4.5.2/../../../../pic32mx/lib/libmchp_peripheral_32MX795F512L.a(int_tbl_lib.o)
 .mdebug.abi32  0xa0002514        0x0 /opt/microchip/xc32/v1.22/bin/../lib/gcc/pic32mx/4.5.2/../../../../pic32mx/lib/libmchp_peripheral_32MX795F512L.a(port_set_pins_digital_in_lib.o)
 .mdebug.abi32  0xa0002514        0x0 /opt/microchip/xc32/v1.22/bin/../lib/gcc/pic32mx/4.5.2/../../../../pic32mx/lib/libmchp_peripheral_32MX795F512L.a(port_set_pins_digital_out_lib.o)
 .mdebug.abi32  0xa0002514        0x0 /opt/microchip/xc32/v1.22/bin/../lib/gcc/pic32mx/4.5.2/../../../../pic32mx/lib/libmchp_peripheral_32MX795F512L.a(_ports_tbl_libp.o)
 .mdebug.abi32  0xa0002514        0x0 /opt/microchip/xc32/v1.22/bin/../lib/gcc/pic32mx/4.5.2/../../../../pic32mx/lib/libpic32.a(default-bootstrap-exception-handler.o)
 .mdebug.abi32  0xa0002514        0x0 /opt/microchip/xc32/v1.22/bin/../lib/gcc/pic32mx/4.5.2/../../../../pic32mx/lib/libpic32.a(default-on-reset.o)
 .mdebug.abi32  0xa0002514        0x0 /opt/microchip/xc32/v1.22/bin/../lib/gcc/pic32mx/4.5.2/../../../../pic32mx/lib/libpic32.a(default-on-bootstrap.o)
 .mdebug.abi32  0xa0002514        0x0 /opt/microchip/xc32/v1.22/bin/../lib/gcc/pic32mx/4.5.2/../../../../pic32mx/lib/libpic32.a(default-general-exception-handler.o)
 .mdebug.abi32  0xa0002514        0x0 /opt/microchip/xc32/v1.22/bin/../lib/gcc/pic32mx/4.5.2/../../../../pic32mx/lib/libpic32.a(defaultinterrupt.o)
 .mdebug.abi32  0xa0002514        0x0 /opt/microchip/xc32/v1.22/bin/../lib/gcc/pic32mx/4.5.2/../../../../pic32mx/lib/libdebug.a(db_utils.o)
 .mdebug.abi32  0xa0002514        0x0 /opt/microchip/xc32/v1.22/bin/../lib/gcc/pic32mx/4.5.2/../../../../pic32mx/lib/libpic32.a(xc32_uart.o)
 .mdebug.abi32  0xa0002514        0x0 /opt/microchip/xc32/v1.22/bin/../lib/gcc/pic32mx/4.5.2/../../../../pic32mx/lib/libc.a(_iob.o)
 .mdebug.abi32  0xa0002514        0x0 /opt/microchip/xc32/v1.22/bin/../lib/gcc/pic32mx/4.5.2/../../../../pic32mx/lib/libc.a(calloc.o)
 .mdebug.abi32  0xa0002514        0x0 /opt/microchip/xc32/v1.22/bin/../lib/gcc/pic32mx/4.5.2/../../../../pic32mx/lib/libc.a(malloc.o)
 .mdebug.abi32  0xa0002514        0x0 /opt/microchip/xc32/v1.22/bin/../lib/gcc/pic32mx/4.5.2/../../../../pic32mx/lib/libc.a(puts.o)
 .mdebug.abi32  0xa0002514        0x0 /opt/microchip/xc32/v1.22/bin/../lib/gcc/pic32mx/4.5.2/../../../../pic32mx/lib/libc.a(rand.o)
 .mdebug.abi32  0xa0002514        0x0 /opt/microchip/xc32/v1.22/bin/../lib/gcc/pic32mx/4.5.2/../../../../pic32mx/lib/libc.a(setbuf.o)
 .mdebug.abi32  0xa0002514        0x0 /opt/microchip/xc32/v1.22/bin/../lib/gcc/pic32mx/4.5.2/../../../../pic32mx/lib/libc.a(strncmp.o)
 .mdebug.abi32  0xa0002514        0x0 /opt/microchip/xc32/v1.22/bin/../lib/gcc/pic32mx/4.5.2/../../../../pic32mx/lib/libc.a(printf_cdnopsuxX.eo)
 .mdebug.abi32  0xa0002514        0x0 /opt/microchip/xc32/v1.22/bin/../lib/gcc/pic32mx/4.5.2/../../../../pic32mx/lib/libc.a(printf.o)
 .mdebug.abi32  0xa0002514        0x0 /opt/microchip/xc32/v1.22/bin/../lib/gcc/pic32mx/4.5.2/../../../../pic32mx/lib/libc.a(_fputc_simple.o)
 .mdebug.abi32  0xa0002514        0x0 /opt/microchip/xc32/v1.22/bin/../lib/gcc/pic32mx/4.5.2/../../../../pic32mx/lib/libc.a(buf.o)
 .mdebug.abi32  0xa0002514        0x0 /opt/microchip/xc32/v1.22/bin/../lib/gcc/pic32mx/4.5.2/../../../../pic32mx/lib/libc.a(errno.o)
 .mdebug.abi32  0xa0002514        0x0 /opt/microchip/xc32/v1.22/bin/../lib/gcc/pic32mx/4.5.2/../../../../pic32mx/lib/libc.a(doprnt_cdnopsuxX.eo)
 .mdebug.abi32  0xa0002514        0x0 /opt/microchip/xc32/v1.22/bin/../lib/gcc/pic32mx/4.5.2/../../../../pic32mx/lib/libc.a(doprnt.o)
 .mdebug.abi32  0xa0002514        0x0 /opt/microchip/xc32/v1.22/bin/../lib/gcc/pic32mx/4.5.2/../../../../pic32mx/lib/libc.a(_flsbuf_simple.o)
 .mdebug.abi32  0xa0002514        0x0 /opt/microchip/xc32/v1.22/bin/../lib/gcc/pic32mx/4.5.2/../../../../pic32mx/lib/libc.a(ctype.o)
 .mdebug.abi32  0xa0002514        0x0 /opt/microchip/xc32/v1.22/bin/../lib/gcc/pic32mx/4.5.2/../../../../pic32mx/lib/libc.a(powersf.o)
 .mdebug.abi32  0xa0002514        0x0 /opt/microchip/xc32/v1.22/bin/../lib/gcc/pic32mx/4.5.2/../../../../pic32mx/lib/libpic32.a(sbrk.o)
 .mdebug.abi32  0xa0002514        0x0 /opt/microchip/xc32/v1.22/bin/../lib/gcc/pic32mx/4.5.2/../../../../pic32mx/lib/libpic32.a(write.o)
 .mdebug.abi32  0xa0002514        0x0 /opt/microchip/xc32/v1.22/bin/../lib/gcc/pic32mx/4.5.2/../../../../pic32mx/lib/libe.a(_floatdisf.o)
 .mdebug.abi32  0xa0002514        0x0 /opt/microchip/xc32/v1.22/bin/../lib/gcc/pic32mx/4.5.2/libgcc.a(_floatundisf.o)
 .mdebug.abi32  0xa0002514        0x0 /opt/microchip/xc32/v1.22/bin/../lib/gcc/pic32mx/4.5.2/libgcc.a(_udivdi3.o)
 .mdebug.abi32  0xa0002514        0x0 /opt/microchip/xc32/v1.22/bin/../lib/gcc/pic32mx/4.5.2/libgcc.a(_umoddi3.o)
 .mdebug.abi32  0xa0002514        0x0 /opt/microchip/xc32/v1.22/bin/../lib/gcc/pic32mx/4.5.2/libgcc.a(floatunsisf.o)

.mdebug.abiN32
 *(.mdebug.abiN32)

.mdebug.abi64
 *(.mdebug.abi64)

.mdebug.abiO64
 *(.mdebug.abiO64)

.mdebug.eabi32
 *(.mdebug.eabi32)

.mdebug.eabi64
 *(.mdebug.eabi64)

.gcc_compiled_long32
 *(.gcc_compiled_long32)

.gcc_compiled_long64
 *(.gcc_compiled_long64)

.stab
 *(.stab)

.stabstr
 *(.stabstr)

.stab.excl
 *(.stab.excl)

.stab.exclstr
 *(.stab.exclstr)

.stab.index
 *(.stab.index)

.stab.indexstr
 *(.stab.indexstr)

.comment        0x00000000      0x1f8
 *(.comment)
 .comment       0x00000000       0x3c build/default/debug/contrib/ports/microchip/netif/ETHPIC32ExtPhyDP83848.o
                                 0x3d (size before relaxing)
 .comment       0x00000000       0x3d build/default/debug/contrib/ports/microchip/netif/xadapter.o
 .comment       0x00000000       0x3d build/default/debug/contrib/ports/microchip/netif/Microchip_eth.o
 .comment       0x00000000       0x3d build/default/debug/contrib/ports/microchip/netif/ETHPIC32ExtPhy.o
 .comment       0x00000000       0x3d build/default/debug/contrib/ports/microchip/sys_arch_raw.o
 .comment       0x00000000       0x3d build/default/debug/contrib/ports/microchip/sys_arch.o
 .comment       0x00000000       0x3d build/default/debug/contrib/ports/microchip/ethernetif.o
 .comment       0x00000000       0x3d build/default/debug/freertos/heap/heap_3.o
 .comment       0x00000000       0x3d build/default/debug/freertos/timers.o
 .comment       0x00000000       0x3d build/default/debug/freertos/port.o
 .comment       0x00000000       0x3d build/default/debug/freertos/list.o
 .comment       0x00000000       0x3d build/default/debug/freertos/tasks.o
 .comment       0x00000000       0x3d build/default/debug/freertos/croutine.o
 .comment       0x00000000       0x3d build/default/debug/freertos/queue.o
 .comment       0x00000000       0x3d build/default/debug/lwip-1.4.1/src/api/api_msg.o
 .comment       0x00000000       0x3d build/default/debug/lwip-1.4.1/src/api/netbuf.o
 .comment       0x00000000       0x3d build/default/debug/lwip-1.4.1/src/api/netdb.o
 .comment       0x00000000       0x3d build/default/debug/lwip-1.4.1/src/api/tcpip.o
 .comment       0x00000000       0x3d build/default/debug/lwip-1.4.1/src/api/sockets.o
 .comment       0x00000000       0x3d build/default/debug/lwip-1.4.1/src/api/netifapi.o
 .comment       0x00000000       0x3d build/default/debug/lwip-1.4.1/src/api/err.o
 .comment       0x00000000       0x3d build/default/debug/lwip-1.4.1/src/api/api_lib.o
 .comment       0x00000000       0x3d build/default/debug/lwip-1.4.1/src/core/ipv4/autoip.o
 .comment       0x00000000       0x3d build/default/debug/lwip-1.4.1/src/core/ipv4/ip_addr.o
 .comment       0x00000000       0x3d build/default/debug/lwip-1.4.1/src/core/ipv4/inet_chksum.o
 .comment       0x00000000       0x3d build/default/debug/lwip-1.4.1/src/core/ipv4/icmp.o
 .comment       0x00000000       0x3d build/default/debug/lwip-1.4.1/src/core/ipv4/inet.o
 .comment       0x00000000       0x3d build/default/debug/lwip-1.4.1/src/core/ipv4/ip_frag.o
 .comment       0x00000000       0x3d build/default/debug/lwip-1.4.1/src/core/ipv4/ip.o
 .comment       0x00000000       0x3d build/default/debug/lwip-1.4.1/src/core/ipv4/igmp.o
 .comment       0x00000000       0x3d build/default/debug/lwip-1.4.1/src/core/snmp/asn1_enc.o
 .comment       0x00000000       0x3d build/default/debug/lwip-1.4.1/src/core/snmp/msg_out.o
 .comment       0x00000000       0x3d build/default/debug/lwip-1.4.1/src/core/snmp/mib2.o
 .comment       0x00000000       0x3d build/default/debug/lwip-1.4.1/src/core/snmp/asn1_dec.o
 .comment       0x00000000       0x3d build/default/debug/lwip-1.4.1/src/core/snmp/msg_in.o
 .comment       0x00000000       0x3d build/default/debug/lwip-1.4.1/src/core/snmp/mib_structs.o
 .comment       0x00000000       0x3d build/default/debug/lwip-1.4.1/src/core/timers.o
 .comment       0x00000000       0x3d build/default/debug/lwip-1.4.1/src/core/memp.o
 .comment       0x00000000       0x3d build/default/debug/lwip-1.4.1/src/core/netif.o
 .comment       0x00000000       0x3d build/default/debug/lwip-1.4.1/src/core/pbuf.o
 .comment       0x00000000       0x3d build/default/debug/lwip-1.4.1/src/core/mem.o
 .comment       0x00000000       0x3d build/default/debug/lwip-1.4.1/src/core/dhcp.o
 .comment       0x00000000       0x3d build/default/debug/lwip-1.4.1/src/core/tcp_out.o
 .comment       0x00000000       0x3d build/default/debug/lwip-1.4.1/src/core/stats.o
 .comment       0x00000000       0x3d build/default/debug/lwip-1.4.1/src/core/tcp_in.o
 .comment       0x00000000       0x3d build/default/debug/lwip-1.4.1/src/core/def.o
 .comment       0x00000000       0x3d build/default/debug/lwip-1.4.1/src/core/raw.o
 .comment       0x00000000       0x3d build/default/debug/lwip-1.4.1/src/core/dns.o
 .comment       0x00000000       0x3d build/default/debug/lwip-1.4.1/src/core/udp.o
 .comment       0x00000000       0x3d build/default/debug/lwip-1.4.1/src/core/init.o
 .comment       0x00000000       0x3d build/default/debug/lwip-1.4.1/src/core/sys.o
 .comment       0x00000000       0x3d build/default/debug/lwip-1.4.1/src/core/tcp.o
 .comment       0x00000000       0x3d build/default/debug/lwip-1.4.1/src/netif/ppp/ppp_oe.o
 .comment       0x00000000       0x3d build/default/debug/lwip-1.4.1/src/netif/ppp/chap.o
 .comment       0x00000000       0x3d build/default/debug/lwip-1.4.1/src/netif/ppp/vj.o
 .comment       0x00000000       0x3d build/default/debug/lwip-1.4.1/src/netif/ppp/ipcp.o
 .comment       0x00000000       0x3d build/default/debug/lwip-1.4.1/src/netif/ppp/fsm.o
 .comment       0x00000000       0x3d build/default/debug/lwip-1.4.1/src/netif/ppp/md5.o
 .comment       0x00000000       0x3d build/default/debug/lwip-1.4.1/src/netif/ppp/magic.o
 .comment       0x00000000       0x3d build/default/debug/lwip-1.4.1/src/netif/ppp/auth.o
 .comment       0x00000000       0x3d build/default/debug/lwip-1.4.1/src/netif/ppp/chpms.o
 .comment       0x00000000       0x3d build/default/debug/lwip-1.4.1/src/netif/ppp/pap.o
 .comment       0x00000000       0x3d build/default/debug/lwip-1.4.1/src/netif/ppp/randm.o
 .comment       0x00000000       0x3d build/default/debug/lwip-1.4.1/src/netif/ppp/lcp.o
 .comment       0x00000000       0x3d build/default/debug/lwip-1.4.1/src/netif/ppp/ppp.o
 .comment       0x00000000       0x3d build/default/debug/lwip-1.4.1/src/netif/etharp.o
 .comment       0x00000000       0x3d build/default/debug/lwip-1.4.1/src/netif/ethernetif.o
 .comment       0x00000000       0x3d build/default/debug/lwip-1.4.1/src/netif/slipif.o
 .comment       0x00000000       0x3d build/default/debug/src/main.o
 .comment       0x00000000       0x3d build/default/debug/src/ip_lwip.o
 .comment       0x00000000       0x3d build/default/debug/src/echo.o
 .comment       0x0000003c       0x3c /opt/microchip/xc32/v1.22/bin/../lib/gcc/pic32mx/4.5.2/../../../../pic32mx/lib/libmchp_peripheral.a(read_core_timer_lib.o)
                                 0x3d (size before relaxing)
 .comment       0x00000000       0x3d /opt/microchip/xc32/v1.22/bin/../lib/gcc/pic32mx/4.5.2/../../../../pic32mx/lib/libmchp_peripheral_32MX795F512L.a(eth_ack_packet_lib.o)
 .comment       0x00000000       0x3d /opt/microchip/xc32/v1.22/bin/../lib/gcc/pic32mx/4.5.2/../../../../pic32mx/lib/libmchp_peripheral_32MX795F512L.a(eth_descriptors_add_lib.o)
 .comment       0x00000000       0x3d /opt/microchip/xc32/v1.22/bin/../lib/gcc/pic32mx/4.5.2/../../../../pic32mx/lib/libmchp_peripheral_32MX795F512L.a(eth_init_lib.o)
 .comment       0x00000000       0x3d /opt/microchip/xc32/v1.22/bin/../lib/gcc/pic32mx/4.5.2/../../../../pic32mx/lib/libmchp_peripheral_32MX795F512L.a(eth_mac_open_lib.o)
 .comment       0x00000000       0x3d /opt/microchip/xc32/v1.22/bin/../lib/gcc/pic32mx/4.5.2/../../../../pic32mx/lib/libmchp_peripheral_32MX795F512L.a(eth_mac_set_address_max_lib.o)
 .comment       0x00000000       0x3d /opt/microchip/xc32/v1.22/bin/../lib/gcc/pic32mx/4.5.2/../../../../pic32mx/lib/libmchp_peripheral_32MX795F512L.a(eth_rx_buffers_append_lib.o)
 .comment       0x00000000       0x3d /opt/microchip/xc32/v1.22/bin/../lib/gcc/pic32mx/4.5.2/../../../../pic32mx/lib/libmchp_peripheral_32MX795F512L.a(eth_rx_filters_lib.o)
 .comment       0x00000000       0x3d /opt/microchip/xc32/v1.22/bin/../lib/gcc/pic32mx/4.5.2/../../../../pic32mx/lib/libmchp_peripheral_32MX795F512L.a(eth_rx_get_packet_lib.o)
 .comment       0x00000000       0x3d /opt/microchip/xc32/v1.22/bin/../lib/gcc/pic32mx/4.5.2/../../../../pic32mx/lib/libmchp_peripheral_32MX795F512L.a(eth_rx_set_buffer_size_lib.o)
 .comment       0x00000000       0x3d /opt/microchip/xc32/v1.22/bin/../lib/gcc/pic32mx/4.5.2/../../../../pic32mx/lib/libmchp_peripheral_32MX795F512L.a(eth_tx_packet_lib.o)
 .comment       0x00000000       0x3d /opt/microchip/xc32/v1.22/bin/../lib/gcc/pic32mx/4.5.2/../../../../pic32mx/lib/libmchp_peripheral_32MX795F512L.a(_eth_append_busy_list_lib.o)
 .comment       0x00000000       0x3d /opt/microchip/xc32/v1.22/bin/../lib/gcc/pic32mx/4.5.2/../../../../pic32mx/lib/libmchp_peripheral_32MX795F512L.a(eth_miim_access.o)
 .comment       0x00000000       0x3d /opt/microchip/xc32/v1.22/bin/../lib/gcc/pic32mx/4.5.2/../../../../pic32mx/lib/libmchp_peripheral_32MX795F512L.a(int_tbl_lib.o)
 .comment       0x00000000       0x3d /opt/microchip/xc32/v1.22/bin/../lib/gcc/pic32mx/4.5.2/../../../../pic32mx/lib/libmchp_peripheral_32MX795F512L.a(port_set_pins_digital_in_lib.o)
 .comment       0x00000000       0x3d /opt/microchip/xc32/v1.22/bin/../lib/gcc/pic32mx/4.5.2/../../../../pic32mx/lib/libmchp_peripheral_32MX795F512L.a(port_set_pins_digital_out_lib.o)
 .comment       0x00000000       0x3d /opt/microchip/xc32/v1.22/bin/../lib/gcc/pic32mx/4.5.2/../../../../pic32mx/lib/libmchp_peripheral_32MX795F512L.a(_ports_tbl_libp.o)
 .comment       0x00000078       0x18 /opt/microchip/xc32/v1.22/bin/../lib/gcc/pic32mx/4.5.2/../../../../pic32mx/lib/libpic32.a(memcmp.o)
                                 0x19 (size before relaxing)
 .comment       0x00000090       0x18 /opt/microchip/xc32/v1.22/bin/../lib/gcc/pic32mx/4.5.2/../../../../pic32mx/lib/libpic32.a(memset.o)
                                 0x19 (size before relaxing)
 .comment       0x000000a8       0x19 /opt/microchip/xc32/v1.22/bin/../lib/gcc/pic32mx/4.5.2/../../../../pic32mx/lib/libpic32.a(strlen.o)
                                 0x1a (size before relaxing)
 .comment       0x00000000       0x3d /opt/microchip/xc32/v1.22/bin/../lib/gcc/pic32mx/4.5.2/../../../../pic32mx/lib/libpic32.a(default-bootstrap-exception-handler.o)
 .comment       0x00000000       0x3d /opt/microchip/xc32/v1.22/bin/../lib/gcc/pic32mx/4.5.2/../../../../pic32mx/lib/libpic32.a(default-on-reset.o)
 .comment       0x00000000       0x3d /opt/microchip/xc32/v1.22/bin/../lib/gcc/pic32mx/4.5.2/../../../../pic32mx/lib/libpic32.a(default-on-bootstrap.o)
 .comment       0x00000000       0x3d /opt/microchip/xc32/v1.22/bin/../lib/gcc/pic32mx/4.5.2/../../../../pic32mx/lib/libpic32.a(default-general-exception-handler.o)
 .comment       0x00000000       0x3d /opt/microchip/xc32/v1.22/bin/../lib/gcc/pic32mx/4.5.2/../../../../pic32mx/lib/libpic32.a(defaultinterrupt.o)
 .comment       0x00000000       0x3d /opt/microchip/xc32/v1.22/bin/../lib/gcc/pic32mx/4.5.2/../../../../pic32mx/lib/libdebug.a(db_utils.o)
 .comment       0x00000000       0x3d /opt/microchip/xc32/v1.22/bin/../lib/gcc/pic32mx/4.5.2/../../../../pic32mx/lib/libpic32.a(xc32_uart.o)
 .comment       0x00000000       0x3d /opt/microchip/xc32/v1.22/bin/../lib/gcc/pic32mx/4.5.2/../../../../pic32mx/lib/libc.a(_iob.o)
 .comment       0x00000000       0x3d /opt/microchip/xc32/v1.22/bin/../lib/gcc/pic32mx/4.5.2/../../../../pic32mx/lib/libc.a(calloc.o)
 .comment       0x00000000       0x3d /opt/microchip/xc32/v1.22/bin/../lib/gcc/pic32mx/4.5.2/../../../../pic32mx/lib/libc.a(malloc.o)
 .comment       0x00000000       0x3d /opt/microchip/xc32/v1.22/bin/../lib/gcc/pic32mx/4.5.2/../../../../pic32mx/lib/libc.a(puts.o)
 .comment       0x00000000       0x3d /opt/microchip/xc32/v1.22/bin/../lib/gcc/pic32mx/4.5.2/../../../../pic32mx/lib/libc.a(rand.o)
 .comment       0x00000000       0x3d /opt/microchip/xc32/v1.22/bin/../lib/gcc/pic32mx/4.5.2/../../../../pic32mx/lib/libc.a(setbuf.o)
 .comment       0x00000000       0x3d /opt/microchip/xc32/v1.22/bin/../lib/gcc/pic32mx/4.5.2/../../../../pic32mx/lib/libc.a(strncmp.o)
 .comment       0x00000000       0x3d /opt/microchip/xc32/v1.22/bin/../lib/gcc/pic32mx/4.5.2/../../../../pic32mx/lib/libc.a(printf_cdnopsuxX.eo)
 .comment       0x00000000       0x3d /opt/microchip/xc32/v1.22/bin/../lib/gcc/pic32mx/4.5.2/../../../../pic32mx/lib/libc.a(printf.o)
 .comment       0x00000000       0x3d /opt/microchip/xc32/v1.22/bin/../lib/gcc/pic32mx/4.5.2/../../../../pic32mx/lib/libc.a(_fputc_simple.o)
 .comment       0x00000000       0x3d /opt/microchip/xc32/v1.22/bin/../lib/gcc/pic32mx/4.5.2/../../../../pic32mx/lib/libc.a(buf.o)
 .comment       0x00000000       0x3d /opt/microchip/xc32/v1.22/bin/../lib/gcc/pic32mx/4.5.2/../../../../pic32mx/lib/libc.a(errno.o)
 .comment       0x00000000       0x3d /opt/microchip/xc32/v1.22/bin/../lib/gcc/pic32mx/4.5.2/../../../../pic32mx/lib/libc.a(doprnt_cdnopsuxX.eo)
 .comment       0x00000000       0x3d /opt/microchip/xc32/v1.22/bin/../lib/gcc/pic32mx/4.5.2/../../../../pic32mx/lib/libc.a(doprnt.o)
 .comment       0x00000000       0x3d /opt/microchip/xc32/v1.22/bin/../lib/gcc/pic32mx/4.5.2/../../../../pic32mx/lib/libc.a(_flsbuf_simple.o)
 .comment       0x000000c1       0x4e /opt/microchip/xc32/v1.22/bin/../lib/gcc/pic32mx/4.5.2/../../../../pic32mx/lib/libc.a(ctype.o)
                                 0x8b (size before relaxing)
 .comment       0x00000000       0x3d /opt/microchip/xc32/v1.22/bin/../lib/gcc/pic32mx/4.5.2/../../../../pic32mx/lib/libc.a(powersf.o)
 .comment       0x0000010f       0x4b /opt/microchip/xc32/v1.22/bin/../lib/gcc/pic32mx/4.5.2/../../../../pic32mx/lib/libpic32.a(sbrk.o)
                                 0x88 (size before relaxing)
 .comment       0x00000000       0x3d /opt/microchip/xc32/v1.22/bin/../lib/gcc/pic32mx/4.5.2/../../../../pic32mx/lib/libpic32.a(write.o)
 .comment       0x0000015a       0x9e /opt/microchip/xc32/v1.22/bin/../lib/gcc/pic32mx/4.5.2/../../../../pic32mx/lib/libe.a(_floatdisf.o)
                                 0xdb (size before relaxing)
 .comment       0x00000000       0x3d /opt/microchip/xc32/v1.22/bin/../lib/gcc/pic32mx/4.5.2/libgcc.a(_floatundisf.o)
 .comment       0x00000000       0x3d /opt/microchip/xc32/v1.22/bin/../lib/gcc/pic32mx/4.5.2/libgcc.a(_udivdi3.o)
 .comment       0x00000000       0x3d /opt/microchip/xc32/v1.22/bin/../lib/gcc/pic32mx/4.5.2/libgcc.a(_umoddi3.o)
 .comment       0x00000000       0x3d /opt/microchip/xc32/v1.22/bin/../lib/gcc/pic32mx/4.5.2/libgcc.a(floatunsisf.o)

.debug
 *(.debug)

.line
 *(.line)

.debug_srcinfo
 *(.debug_srcinfo)

.debug_sfnames
 *(.debug_sfnames)

.debug_aranges  0x00000000      0xe58
 *(.debug_aranges)
 .debug_aranges
                0x00000000       0x38 build/default/debug/contrib/ports/microchip/netif/ETHPIC32ExtPhyDP83848.o
 .debug_aranges
                0x00000038       0x38 build/default/debug/contrib/ports/microchip/netif/Microchip_eth.o
 .debug_aranges
                0x00000070       0x38 build/default/debug/contrib/ports/microchip/netif/ETHPIC32ExtPhy.o
 .debug_aranges
                0x000000a8       0x38 build/default/debug/contrib/ports/microchip/sys_arch_raw.o
 .debug_aranges
                0x000000e0       0x38 build/default/debug/contrib/ports/microchip/sys_arch.o
 .debug_aranges
                0x00000118       0x38 build/default/debug/contrib/ports/microchip/ethernetif.o
 .debug_aranges
                0x00000150       0x38 build/default/debug/freertos/heap/heap_3.o
 .debug_aranges
                0x00000188       0x38 build/default/debug/freertos/timers.o
 .debug_aranges
                0x000001c0       0x38 build/default/debug/freertos/port.o
 .debug_aranges
                0x000001f8       0x20 build/default/debug/freertos/port_asm.o
 .debug_aranges
                0x00000218       0x38 build/default/debug/freertos/list.o
 .debug_aranges
                0x00000250       0x38 build/default/debug/freertos/tasks.o
 .debug_aranges
                0x00000288       0x38 build/default/debug/freertos/croutine.o
 .debug_aranges
                0x000002c0       0x38 build/default/debug/freertos/queue.o
 .debug_aranges
                0x000002f8       0x38 build/default/debug/lwip-1.4.1/src/api/api_msg.o
 .debug_aranges
                0x00000330       0x20 build/default/debug/lwip-1.4.1/src/api/netbuf.o
 .debug_aranges
                0x00000350       0x38 build/default/debug/lwip-1.4.1/src/api/tcpip.o
 .debug_aranges
                0x00000388       0x38 build/default/debug/lwip-1.4.1/src/api/sockets.o
 .debug_aranges
                0x000003c0       0x38 build/default/debug/lwip-1.4.1/src/api/api_lib.o
 .debug_aranges
                0x000003f8       0x20 build/default/debug/lwip-1.4.1/src/core/ipv4/ip_addr.o
 .debug_aranges
                0x00000418       0x20 build/default/debug/lwip-1.4.1/src/core/ipv4/inet_chksum.o
 .debug_aranges
                0x00000438       0x20 build/default/debug/lwip-1.4.1/src/core/ipv4/icmp.o
 .debug_aranges
                0x00000458       0x20 build/default/debug/lwip-1.4.1/src/core/ipv4/ip_frag.o
 .debug_aranges
                0x00000478       0x20 build/default/debug/lwip-1.4.1/src/core/ipv4/ip.o
 .debug_aranges
                0x00000498       0x38 build/default/debug/lwip-1.4.1/src/core/timers.o
 .debug_aranges
                0x000004d0       0x38 build/default/debug/lwip-1.4.1/src/core/memp.o
 .debug_aranges
                0x00000508       0x20 build/default/debug/lwip-1.4.1/src/core/netif.o
 .debug_aranges
                0x00000528       0x38 build/default/debug/lwip-1.4.1/src/core/pbuf.o
 .debug_aranges
                0x00000560       0x38 build/default/debug/lwip-1.4.1/src/core/mem.o
 .debug_aranges
                0x00000598       0x20 build/default/debug/lwip-1.4.1/src/core/dhcp.o
 .debug_aranges
                0x000005b8       0x20 build/default/debug/lwip-1.4.1/src/core/tcp_out.o
 .debug_aranges
                0x000005d8       0x20 build/default/debug/lwip-1.4.1/src/core/tcp_in.o
 .debug_aranges
                0x000005f8       0x20 build/default/debug/lwip-1.4.1/src/core/def.o
 .debug_aranges
                0x00000618       0x20 build/default/debug/lwip-1.4.1/src/core/udp.o
 .debug_aranges
                0x00000638       0x38 build/default/debug/lwip-1.4.1/src/core/init.o
 .debug_aranges
                0x00000670       0x38 build/default/debug/lwip-1.4.1/src/core/sys.o
 .debug_aranges
                0x000006a8       0x20 build/default/debug/lwip-1.4.1/src/core/tcp.o
 .debug_aranges
                0x000006c8       0x20 build/default/debug/lwip-1.4.1/src/netif/etharp.o
 .debug_aranges
                0x000006e8       0x38 build/default/debug/src/main.o
 .debug_aranges
                0x00000720       0x38 build/default/debug/src/ip_lwip.o
 .debug_aranges
                0x00000758       0x38 build/default/debug/src/echo.o
 .debug_aranges
                0x00000790       0x20 /opt/microchip/xc32/v1.22/bin/../lib/gcc/pic32mx/4.5.2/../../../../pic32mx/lib/libmchp_peripheral.a(read_core_timer_lib.o)
 .debug_aranges
                0x000007b0       0x48 /opt/microchip/xc32/v1.22/bin/../lib/gcc/pic32mx/4.5.2/../../../../pic32mx/lib/libmchp_peripheral_32MX795F512L.a(eth_ack_packet_lib.o)
 .debug_aranges
                0x000007f8       0x28 /opt/microchip/xc32/v1.22/bin/../lib/gcc/pic32mx/4.5.2/../../../../pic32mx/lib/libmchp_peripheral_32MX795F512L.a(eth_descriptors_add_lib.o)
 .debug_aranges
                0x00000820       0x20 /opt/microchip/xc32/v1.22/bin/../lib/gcc/pic32mx/4.5.2/../../../../pic32mx/lib/libmchp_peripheral_32MX795F512L.a(eth_init_lib.o)
 .debug_aranges
                0x00000840       0x20 /opt/microchip/xc32/v1.22/bin/../lib/gcc/pic32mx/4.5.2/../../../../pic32mx/lib/libmchp_peripheral_32MX795F512L.a(eth_mac_open_lib.o)
 .debug_aranges
                0x00000860       0x30 /opt/microchip/xc32/v1.22/bin/../lib/gcc/pic32mx/4.5.2/../../../../pic32mx/lib/libmchp_peripheral_32MX795F512L.a(eth_mac_set_address_max_lib.o)
 .debug_aranges
                0x00000890       0x20 /opt/microchip/xc32/v1.22/bin/../lib/gcc/pic32mx/4.5.2/../../../../pic32mx/lib/libmchp_peripheral_32MX795F512L.a(eth_rx_buffers_append_lib.o)
 .debug_aranges
                0x000008b0       0x48 /opt/microchip/xc32/v1.22/bin/../lib/gcc/pic32mx/4.5.2/../../../../pic32mx/lib/libmchp_peripheral_32MX795F512L.a(eth_rx_filters_lib.o)
 .debug_aranges
                0x000008f8       0x28 /opt/microchip/xc32/v1.22/bin/../lib/gcc/pic32mx/4.5.2/../../../../pic32mx/lib/libmchp_peripheral_32MX795F512L.a(eth_rx_get_packet_lib.o)
 .debug_aranges
                0x00000920       0x20 /opt/microchip/xc32/v1.22/bin/../lib/gcc/pic32mx/4.5.2/../../../../pic32mx/lib/libmchp_peripheral_32MX795F512L.a(eth_rx_set_buffer_size_lib.o)
 .debug_aranges
                0x00000940       0x48 /opt/microchip/xc32/v1.22/bin/../lib/gcc/pic32mx/4.5.2/../../../../pic32mx/lib/libmchp_peripheral_32MX795F512L.a(eth_tx_packet_lib.o)
 .debug_aranges
                0x00000988       0x20 /opt/microchip/xc32/v1.22/bin/../lib/gcc/pic32mx/4.5.2/../../../../pic32mx/lib/libmchp_peripheral_32MX795F512L.a(_eth_append_busy_list_lib.o)
 .debug_aranges
                0x000009a8       0x48 /opt/microchip/xc32/v1.22/bin/../lib/gcc/pic32mx/4.5.2/../../../../pic32mx/lib/libmchp_peripheral_32MX795F512L.a(eth_miim_access.o)
 .debug_aranges
                0x000009f0       0x60 /opt/microchip/xc32/v1.22/bin/../lib/gcc/pic32mx/4.5.2/../../../../pic32mx/lib/libmchp_peripheral_32MX795F512L.a(int_tbl_lib.o)
 .debug_aranges
                0x00000a50       0x20 /opt/microchip/xc32/v1.22/bin/../lib/gcc/pic32mx/4.5.2/../../../../pic32mx/lib/libmchp_peripheral_32MX795F512L.a(port_set_pins_digital_in_lib.o)
 .debug_aranges
                0x00000a70       0x20 /opt/microchip/xc32/v1.22/bin/../lib/gcc/pic32mx/4.5.2/../../../../pic32mx/lib/libmchp_peripheral_32MX795F512L.a(port_set_pins_digital_out_lib.o)
 .debug_aranges
                0x00000a90       0x20 /opt/microchip/xc32/v1.22/bin/../lib/gcc/pic32mx/4.5.2/../../../../pic32mx/lib/libpic32.a(default-bootstrap-exception-handler.o)
 .debug_aranges
                0x00000ab0       0x20 /opt/microchip/xc32/v1.22/bin/../lib/gcc/pic32mx/4.5.2/../../../../pic32mx/lib/libpic32.a(default-on-reset.o)
 .debug_aranges
                0x00000ad0       0x20 /opt/microchip/xc32/v1.22/bin/../lib/gcc/pic32mx/4.5.2/../../../../pic32mx/lib/libpic32.a(default-on-bootstrap.o)
 .debug_aranges
                0x00000af0       0x20 /opt/microchip/xc32/v1.22/bin/../lib/gcc/pic32mx/4.5.2/../../../../pic32mx/lib/libpic32.a(default-general-exception-handler.o)
 .debug_aranges
                0x00000b10       0x20 /opt/microchip/xc32/v1.22/bin/../lib/gcc/pic32mx/4.5.2/../../../../pic32mx/lib/libpic32.a(defaultinterrupt.o)
 .debug_aranges
                0x00000b30       0x48 /opt/microchip/xc32/v1.22/bin/../lib/gcc/pic32mx/4.5.2/../../../../pic32mx/lib/libdebug.a(db_utils.o)
 .debug_aranges
                0x00000b78       0x20 /opt/microchip/xc32/v1.22/bin/../lib/gcc/pic32mx/4.5.2/../../../../pic32mx/lib/libc.a(calloc.o)
 .debug_aranges
                0x00000b98       0x30 /opt/microchip/xc32/v1.22/bin/../lib/gcc/pic32mx/4.5.2/../../../../pic32mx/lib/libc.a(malloc.o)
 .debug_aranges
                0x00000bc8       0x28 /opt/microchip/xc32/v1.22/bin/../lib/gcc/pic32mx/4.5.2/../../../../pic32mx/lib/libc.a(puts.o)
 .debug_aranges
                0x00000bf0       0x28 /opt/microchip/xc32/v1.22/bin/../lib/gcc/pic32mx/4.5.2/../../../../pic32mx/lib/libc.a(rand.o)
 .debug_aranges
                0x00000c18       0x28 /opt/microchip/xc32/v1.22/bin/../lib/gcc/pic32mx/4.5.2/../../../../pic32mx/lib/libc.a(setbuf.o)
 .debug_aranges
                0x00000c40       0x20 /opt/microchip/xc32/v1.22/bin/../lib/gcc/pic32mx/4.5.2/../../../../pic32mx/lib/libc.a(strncmp.o)
 .debug_aranges
                0x00000c60       0x20 /opt/microchip/xc32/v1.22/bin/../lib/gcc/pic32mx/4.5.2/../../../../pic32mx/lib/libc.a(printf_cdnopsuxX.eo)
 .debug_aranges
                0x00000c80       0x20 /opt/microchip/xc32/v1.22/bin/../lib/gcc/pic32mx/4.5.2/../../../../pic32mx/lib/libc.a(printf.o)
 .debug_aranges
                0x00000ca0       0x20 /opt/microchip/xc32/v1.22/bin/../lib/gcc/pic32mx/4.5.2/../../../../pic32mx/lib/libc.a(_fputc_simple.o)
 .debug_aranges
                0x00000cc0       0x28 /opt/microchip/xc32/v1.22/bin/../lib/gcc/pic32mx/4.5.2/../../../../pic32mx/lib/libc.a(buf.o)
 .debug_aranges
                0x00000ce8       0x20 /opt/microchip/xc32/v1.22/bin/../lib/gcc/pic32mx/4.5.2/../../../../pic32mx/lib/libc.a(doprnt_cdnopsuxX.eo)
 .debug_aranges
                0x00000d08       0x30 /opt/microchip/xc32/v1.22/bin/../lib/gcc/pic32mx/4.5.2/../../../../pic32mx/lib/libc.a(doprnt.o)
 .debug_aranges
                0x00000d38       0x20 /opt/microchip/xc32/v1.22/bin/../lib/gcc/pic32mx/4.5.2/../../../../pic32mx/lib/libc.a(_flsbuf_simple.o)
 .debug_aranges
                0x00000d58       0x40 /opt/microchip/xc32/v1.22/bin/../lib/gcc/pic32mx/4.5.2/../../../../pic32mx/lib/libpic32.a(sbrk.o)
 .debug_aranges
                0x00000d98       0x20 /opt/microchip/xc32/v1.22/bin/../lib/gcc/pic32mx/4.5.2/../../../../pic32mx/lib/libpic32.a(write.o)
 .debug_aranges
                0x00000db8       0x20 /opt/microchip/xc32/v1.22/bin/../lib/gcc/pic32mx/4.5.2/../../../../pic32mx/lib/libe.a(_floatdisf.o)
 .debug_aranges
                0x00000dd8       0x20 /opt/microchip/xc32/v1.22/bin/../lib/gcc/pic32mx/4.5.2/libgcc.a(_floatundisf.o)
 .debug_aranges
                0x00000df8       0x20 /opt/microchip/xc32/v1.22/bin/../lib/gcc/pic32mx/4.5.2/libgcc.a(_udivdi3.o)
 .debug_aranges
                0x00000e18       0x20 /opt/microchip/xc32/v1.22/bin/../lib/gcc/pic32mx/4.5.2/libgcc.a(_umoddi3.o)
 .debug_aranges
                0x00000e38       0x20 /opt/microchip/xc32/v1.22/bin/../lib/gcc/pic32mx/4.5.2/libgcc.a(floatunsisf.o)

.debug_pubnames
                0x00000000     0x3408
 *(.debug_pubnames)
 .debug_pubnames
                0x00000000       0xa2 build/default/debug/contrib/ports/microchip/netif/ETHPIC32ExtPhyDP83848.o
 .debug_pubnames
                0x000000a2       0xe7 build/default/debug/contrib/ports/microchip/netif/Microchip_eth.o
 .debug_pubnames
                0x00000189      0x147 build/default/debug/contrib/ports/microchip/netif/ETHPIC32ExtPhy.o
 .debug_pubnames
                0x000002d0       0x83 build/default/debug/contrib/ports/microchip/sys_arch_raw.o
 .debug_pubnames
                0x00000353      0x1aa build/default/debug/contrib/ports/microchip/sys_arch.o
 .debug_pubnames
                0x000004fd       0x9c build/default/debug/contrib/ports/microchip/ethernetif.o
 .debug_pubnames
                0x00000599       0x68 build/default/debug/freertos/heap/heap_3.o
 .debug_pubnames
                0x00000601       0xd3 build/default/debug/freertos/timers.o
 .debug_pubnames
                0x000006d4      0x224 build/default/debug/freertos/port.o
 .debug_pubnames
                0x000008f8       0xa9 build/default/debug/freertos/list.o
 .debug_pubnames
                0x000009a1      0x6d8 build/default/debug/freertos/tasks.o
 .debug_pubnames
                0x00001079      0x22b build/default/debug/freertos/croutine.o
 .debug_pubnames
                0x000012a4      0x242 build/default/debug/freertos/queue.o
 .debug_pubnames
                0x000014e6      0x106 build/default/debug/lwip-1.4.1/src/api/api_msg.o
 .debug_pubnames
                0x000015ec       0xa5 build/default/debug/lwip-1.4.1/src/api/netbuf.o
 .debug_pubnames
                0x00001691      0x137 build/default/debug/lwip-1.4.1/src/api/tcpip.o
 .debug_pubnames
                0x000017c8      0x1a9 build/default/debug/lwip-1.4.1/src/api/sockets.o
 .debug_pubnames
                0x00001971      0x1a9 build/default/debug/lwip-1.4.1/src/api/api_lib.o
 .debug_pubnames
                0x00001b1a       0xae build/default/debug/lwip-1.4.1/src/core/ipv4/ip_addr.o
 .debug_pubnames
                0x00001bc8       0x6d build/default/debug/lwip-1.4.1/src/core/ipv4/inet_chksum.o
 .debug_pubnames
                0x00001c35       0x4e build/default/debug/lwip-1.4.1/src/core/ipv4/icmp.o
 .debug_pubnames
                0x00001c83       0x3c build/default/debug/lwip-1.4.1/src/core/ipv4/ip_frag.o
 .debug_pubnames
                0x00001cbf       0x9d build/default/debug/lwip-1.4.1/src/core/ipv4/ip.o
 .debug_pubnames
                0x00001d5c       0xb2 build/default/debug/lwip-1.4.1/src/core/timers.o
 .debug_pubnames
                0x00001e0e       0x75 build/default/debug/lwip-1.4.1/src/core/memp.o
 .debug_pubnames
                0x00001e83      0x143 build/default/debug/lwip-1.4.1/src/core/netif.o
 .debug_pubnames
                0x00001fc6      0x188 build/default/debug/lwip-1.4.1/src/core/pbuf.o
 .debug_pubnames
                0x0000214e       0x9b build/default/debug/lwip-1.4.1/src/core/mem.o
 .debug_pubnames
                0x000021e9       0xf5 build/default/debug/lwip-1.4.1/src/core/dhcp.o
 .debug_pubnames
                0x000022de       0xdb build/default/debug/lwip-1.4.1/src/core/tcp_out.o
 .debug_pubnames
                0x000023b9       0x32 build/default/debug/lwip-1.4.1/src/core/tcp_in.o
 .debug_pubnames
                0x000023eb       0x4e build/default/debug/lwip-1.4.1/src/core/def.o
 .debug_pubnames
                0x00002439       0xc0 build/default/debug/lwip-1.4.1/src/core/udp.o
 .debug_pubnames
                0x000024f9       0x7e build/default/debug/lwip-1.4.1/src/core/init.o
 .debug_pubnames
                0x00002577       0x58 build/default/debug/lwip-1.4.1/src/core/sys.o
 .debug_pubnames
                0x000025cf      0x2fa build/default/debug/lwip-1.4.1/src/core/tcp.o
 .debug_pubnames
                0x000028c9       0xb5 build/default/debug/lwip-1.4.1/src/netif/etharp.o
 .debug_pubnames
                0x0000297e       0x5d build/default/debug/src/main.o
 .debug_pubnames
                0x000029db       0x85 build/default/debug/src/ip_lwip.o
 .debug_pubnames
                0x00002a60       0xa6 build/default/debug/src/echo.o
 .debug_pubnames
                0x00002b06       0x24 /opt/microchip/xc32/v1.22/bin/../lib/gcc/pic32mx/4.5.2/../../../../pic32mx/lib/libmchp_peripheral.a(read_core_timer_lib.o)
 .debug_pubnames
                0x00002b2a       0x80 /opt/microchip/xc32/v1.22/bin/../lib/gcc/pic32mx/4.5.2/../../../../pic32mx/lib/libmchp_peripheral_32MX795F512L.a(eth_ack_packet_lib.o)
 .debug_pubnames
                0x00002baa       0x42 /opt/microchip/xc32/v1.22/bin/../lib/gcc/pic32mx/4.5.2/../../../../pic32mx/lib/libmchp_peripheral_32MX795F512L.a(eth_descriptors_add_lib.o)
 .debug_pubnames
                0x00002bec       0x1e /opt/microchip/xc32/v1.22/bin/../lib/gcc/pic32mx/4.5.2/../../../../pic32mx/lib/libmchp_peripheral_32MX795F512L.a(eth_init_lib.o)
 .debug_pubnames
                0x00002c0a       0x21 /opt/microchip/xc32/v1.22/bin/../lib/gcc/pic32mx/4.5.2/../../../../pic32mx/lib/libmchp_peripheral_32MX795F512L.a(eth_mac_open_lib.o)
 .debug_pubnames
                0x00002c2b       0x52 /opt/microchip/xc32/v1.22/bin/../lib/gcc/pic32mx/4.5.2/../../../../pic32mx/lib/libmchp_peripheral_32MX795F512L.a(eth_mac_set_address_max_lib.o)
 .debug_pubnames
                0x00002c7d       0x29 /opt/microchip/xc32/v1.22/bin/../lib/gcc/pic32mx/4.5.2/../../../../pic32mx/lib/libmchp_peripheral_32MX795F512L.a(eth_rx_buffers_append_lib.o)
 .debug_pubnames
                0x00002ca6       0x92 /opt/microchip/xc32/v1.22/bin/../lib/gcc/pic32mx/4.5.2/../../../../pic32mx/lib/libmchp_peripheral_32MX795F512L.a(eth_rx_filters_lib.o)
 .debug_pubnames
                0x00002d38       0x38 /opt/microchip/xc32/v1.22/bin/../lib/gcc/pic32mx/4.5.2/../../../../pic32mx/lib/libmchp_peripheral_32MX795F512L.a(eth_rx_get_packet_lib.o)
 .debug_pubnames
                0x00002d70       0x29 /opt/microchip/xc32/v1.22/bin/../lib/gcc/pic32mx/4.5.2/../../../../pic32mx/lib/libmchp_peripheral_32MX795F512L.a(eth_rx_set_buffer_size_lib.o)
 .debug_pubnames
                0x00002d99       0x66 /opt/microchip/xc32/v1.22/bin/../lib/gcc/pic32mx/4.5.2/../../../../pic32mx/lib/libmchp_peripheral_32MX795F512L.a(eth_tx_packet_lib.o)
 .debug_pubnames